{"op_code":0,"worker_id":"aea74c46-e127-4a00-b2fa-ce5d12434b10-133458292066112","study_name":"transformer-search","directions":[2]}
{"op_code":4,"worker_id":"aea74c46-e127-4a00-b2fa-ce5d12434b10-133458292066112","study_id":0,"datetime_start":"2026-09-23T17:11:41.127731+00:00"}
{"op_code":5,"worker_id":"aea74c46-e127-4a00-b2fa-ce5d12434b10-133458292066112","trial_id":0,"param_name":"dropout","param_value_internal":0.19254056920538143,"distribution":"{\"name\": \"FloatDistribution\", \"attributes\": {\"step\": null, \"low\": 0.0, \"high\": 0.3, \"log\": false}}"}
{"op_code":5,"worker_id":"aea74c46-e127-4a00-b2fa-ce5d12434b10-133458292066112","trial_id":0,"param_name":"learning_rate","param_value_internal":0.000609964795706954,"distribution":"{\"name\": \"FloatDistribution\", \"attributes\": {\"step\": null, \"low\": 0.0001, \"high\": 0.003, \"log\": true}}"}
{"op_code":5,"worker_id":"aea74c46-e127-4a00-b2fa-ce5d12434b10-133458292066112","trial_id":0,"param_name":"weight_decay","param_value_internal":0.041140671167800145,"distribution":"{\"name\": \"FloatDistribution\", \"attributes\": {\"step\": null, \"low\": 0.001, \"high\": 0.2, \"log\": true}}"}
{"op_code":5,"worker_id":"aea74c46-e127-4a00-b2fa-ce5d12434b10-133458292066112","trial_id":0,"param_name":"warmup_fraction","param_value_internal":0.08121747527319668,"distribution":"{\"name\": \"FloatDistribution\", \"attributes\": {\"step\": null, \"low\": 0.02, \"high\": 0.1, \"log\": false}}"}
{"op_code":5,"worker_id":"aea74c46-e127-4a00-b2fa-ce5d12434b10-133458292066112","trial_id":0,"param_name":"sampling_power","param_value_internal":0.5051338218669291,"distribution":"{\"name\": \"FloatDistribution\", \"attributes\": {\"step\": null, \"low\": 0.0, \"high\": 1.0, \"log\": false}}"}
{"op_code":5,"worker_id":"aea74c46-e127-4a00-b2fa-ce5d12434b10-133458292066112","trial_id":0,"param_name":"crop_probability","param_value_internal":0.6265701597465221,"distribution":"{\"name\": \"FloatDistribution\", \"attributes\": {\"step\": null, \"low\": 0.2, \"high\": 0.8, \"log\": false}}"}
{"op_code":5,"worker_id":"aea74c46-e127-4a00-b2fa-ce5d12434b10-133458292066112","trial_id":0,"param_name":"transformer_tokenizer","param_value_internal":1,"distribution":"{\"name\": \"CategoricalDistribution\", \"attributes\": {\"choices\": [\"k12s6\", \"k6s3\", \"k8s4\"]}}"}
{"op_code":5,"worker_id":"aea74c46-e127-4a00-b2fa-ce5d12434b10-133458292066112","trial_id":0,"param_name":"transformer_dim","param_value_internal":2,"distribution":"{\"name\": \"CategoricalDistribution\", \"attributes\": {\"choices\": [192, 256, 320]}}"}
{"op_code":5,"worker_id":"aea74c46-e127-4a00-b2fa-ce5d12434b10-133458292066112","trial_id":0,"param_name":"transformer_layers","param_value_internal":8.0,"distribution":"{\"name\": \"IntDistribution\", \"attributes\": {\"log\": false, \"step\": 2, \"low\": 4, \"high\": 8}}"}
{"op_code":8,"worker_id":"aea74c46-e127-4a00-b2fa-ce5d12434b10-133458292066112","trial_id":0,"user_attr":{"encoder":{"embedding_dim":64,"model_dim":320,"token_kernel":6,"token_stride":3,"layers":8,"heads":8,"ffn_multiplier":4,"dropout":0.19254056920538143}}}
{"op_code":7,"worker_id":"aea74c46-e127-4a00-b2fa-ce5d12434b10-133458292066112","trial_id":0,"step":1,"intermediate_value":0.08137026864292843}
{"op_code":7,"worker_id":"aea74c46-e127-4a00-b2fa-ce5d12434b10-133458292066112","trial_id":0,"step":2,"intermediate_value":0.11203629953165993}
{"op_code":9,"worker_id":"aea74c46-e127-4a00-b2fa-ce5d12434b10-133458292066112","trial_id":0,"system_attr":{"completed_rung_0":0.11203629953165993}}
{"op_code":7,"worker_id":"aea74c46-e127-4a00-b2fa-ce5d12434b10-133458292066112","trial_id":0,"step":3,"intermediate_value":0.1356350969037481}
{"op_code":7,"worker_id":"aea74c46-e127-4a00-b2fa-ce5d12434b10-133458292066112","trial_id":0,"step":4,"intermediate_value":0.15270619145609865}
{"op_code":7,"worker_id":"aea74c46-e127-4a00-b2fa-ce5d12434b10-133458292066112","trial_id":0,"step":5,"intermediate_value":0.17538314426073315}
{"op_code":7,"worker_id":"aea74c46-e127-4a00-b2fa-ce5d12434b10-133458292066112","trial_id":0,"step":6,"intermediate_value":0.1818502676085632}
{"op_code":9,"worker_id":"aea74c46-e127-4a00-b2fa-ce5d12434b10-133458292066112","trial_id":0,"system_attr":{"completed_rung_1":0.1818502676085632}}
{"op_code":6,"worker_id":"aea74c46-e127-4a00-b2fa-ce5d12434b10-133458292066112","trial_id":0,"state":1,"values":[0.1818502676085632],"datetime_complete":"2026-09-23T18:55:47.375639+00:00"}
{"op_code":4,"worker_id":"aea74c46-e127-4a00-b2fa-ce5d12434b10-133458292066112","study_id":0,"datetime_start":"2026-09-23T18:55:47.523743+00:00"}
{"op_code":5,"worker_id":"aea74c46-e127-4a00-b2fa-ce5d12434b10-133458292066112","trial_id":1,"param_name":"dropout","param_value_internal":0.12323495811558338,"distribution":"{\"name\": \"FloatDistribution\", \"attributes\": {\"step\": null, \"low\": 0.0, \"high\": 0.3, \"log\": false}}"}
{"op_code":5,"worker_id":"aea74c46-e127-4a00-b2fa-ce5d12434b10-133458292066112","trial_id":1,"param_name":"learning_rate","param_value_internal":0.0005104159164307088,"distribution":"{\"name\": \"FloatDistribution\", \"attributes\": {\"step\": null, \"low\": 0.0001, \"high\": 0.003, \"log\": true}}"}
{"op_code":5,"worker_id":"aea74c46-e127-4a00-b2fa-ce5d12434b10-133458292066112","trial_id":1,"param_name":"weight_decay","param_value_internal":0.006108276308418397,"distribution":"{\"name\": \"FloatDistribution\", \"attributes\": {\"step\": null, \"low\": 0.001, \"high\": 0.2, \"log\": true}}"}
{"op_code":5,"worker_id":"aea74c46-e127-4a00-b2fa-ce5d12434b10-133458292066112","trial_id":1,"param_name":"warmup_fraction","param_value_internal":0.08113937322491065,"distribution":"{\"name\": \"FloatDistribution\", \"attributes\": {\"step\": null, \"low\": 0.02, \"high\": 0.1, \"log\": false}}"}
{"op_code":5,"worker_id":"aea74c46-e127-4a00-b2fa-ce5d12434b10-133458292066112","trial_id":1,"param_name":"sampling_power","param_value_internal":0.5668830684760718,"distribution":"{\"name\": \"FloatDistribution\", \"attributes\": {\"step\": null, \"low\": 0.0, \"high\": 1.0, \"log\": false}}"}
{"op_code":5,"worker_id":"aea74c46-e127-4a00-b2fa-ce5d12434b10-133458292066112","trial_id":1,"param_name":"crop_probability","param_value_internal":0.4109854316138899,"distribution":"{\"name\": \"FloatDistribution\", \"attributes\": {\"step\": null, \"low\": 0.2, \"high\": 0.8, \"log\": false}}"}
{"op_code":5,"worker_id":"aea74c46-e127-4a00-b2fa-ce5d12434b10-133458292066112","trial_id":1,"param_name":"transformer_tokenizer","param_value_internal":0,"distribution":"{\"name\": \"CategoricalDistribution\", \"attributes\": {\"choices\": [\"k12s6\", \"k6s3\", \"k8s4\"]}}"}
{"op_code":5,"worker_id":"aea74c46-e127-4a00-b2fa-ce5d12434b10-133458292066112","trial_id":1,"param_name":"transformer_dim","param_value_internal":1,"distribution":"{\"name\": \"CategoricalDistribution\", \"attributes\": {\"choices\": [192, 256, 320]}}"}
{"op_code":5,"worker_id":"aea74c46-e127-4a00-b2fa-ce5d12434b10-133458292066112","trial_id":1,"param_name":"transformer_layers","param_value_internal":8.0,"distribution":"{\"name\": \"IntDistribution\", \"attributes\": {\"log\": false, \"step\": 2, \"low\": 4, \"high\": 8}}"}
{"op_code":8,"worker_id":"aea74c46-e127-4a00-b2fa-ce5d12434b10-133458292066112","trial_id":1,"user_attr":{"encoder":{"embedding_dim":64,"model_dim":256,"token_kernel":12,"token_stride":6,"layers":8,"heads":8,"ffn_multiplier":4,"dropout":0.12323495811558338}}}
{"op_code":7,"worker_id":"aea74c46-e127-4a00-b2fa-ce5d12434b10-133458292066112","trial_id":1,"step":1,"intermediate_value":0.09167881042649062}
{"op_code":7,"worker_id":"aea74c46-e127-4a00-b2fa-ce5d12434b10-133458292066112","trial_id":1,"step":2,"intermediate_value":0.0981579716454633}
{"op_code":7,"worker_id":"aea74c46-e127-4a00-b2fa-ce5d12434b10-133458292066112","trial_id":1,"step":3,"intermediate_value":0.14457912370094095}
{"op_code":7,"worker_id":"aea74c46-e127-4a00-b2fa-ce5d12434b10-133458292066112","trial_id":1,"step":4,"intermediate_value":0.17850329358383699}
{"op_code":7,"worker_id":"aea74c46-e127-4a00-b2fa-ce5d12434b10-133458292066112","trial_id":1,"step":5,"intermediate_value":0.2212721778269993}
{"op_code":7,"worker_id":"aea74c46-e127-4a00-b2fa-ce5d12434b10-133458292066112","trial_id":1,"step":6,"intermediate_value":0.22208250489372902}
{"op_code":9,"worker_id":"aea74c46-e127-4a00-b2fa-ce5d12434b10-133458292066112","trial_id":1,"system_attr":{"completed_rung_0":0.22208250489372902}}
{"op_code":6,"worker_id":"aea74c46-e127-4a00-b2fa-ce5d12434b10-133458292066112","trial_id":1,"state":1,"values":[0.22208250489372902],"datetime_complete":"2026-09-23T19:29:26.169456+00:00"}
{"op_code":4,"worker_id":"aea74c46-e127-4a00-b2fa-ce5d12434b10-133458292066112","study_id":0,"datetime_start":"2026-09-23T19:29:26.321885+00:00"}
{"op_code":5,"worker_id":"aea74c46-e127-4a00-b2fa-ce5d12434b10-133458292066112","trial_id":2,"param_name":"dropout","param_value_internal":0.1066682454286515,"distribution":"{\"name\": \"FloatDistribution\", \"attributes\": {\"step\": null, \"low\": 0.0, \"high\": 0.3, \"log\": false}}"}
{"op_code":5,"worker_id":"aea74c46-e127-4a00-b2fa-ce5d12434b10-133458292066112","trial_id":2,"param_name":"learning_rate","param_value_internal":0.0010703290710719618,"distribution":"{\"name\": \"FloatDistribution\", \"attributes\": {\"step\": null, \"low\": 0.0001, \"high\": 0.003, \"log\": true}}"}
{"op_code":5,"worker_id":"aea74c46-e127-4a00-b2fa-ce5d12434b10-133458292066112","trial_id":2,"param_name":"weight_decay","param_value_internal":0.0948991787500155,"distribution":"{\"name\": \"FloatDistribution\", \"attributes\": {\"step\": null, \"low\": 0.001, \"high\": 0.2, \"log\": true}}"}
{"op_code":5,"worker_id":"aea74c46-e127-4a00-b2fa-ce5d12434b10-133458292066112","trial_id":2,"param_name":"warmup_fraction","param_value_internal":0.03172869825333056,"distribution":"{\"name\": \"FloatDistribution\", \"attributes\": {\"step\": null, \"low\": 0.02, \"high\": 0.1, \"log\": false}}"}
{"op_code":5,"worker_id":"aea74c46-e127-4a00-b2fa-ce5d12434b10-133458292066112","trial_id":2,"param_name":"sampling_power","param_value_internal":0.6132504569004982,"distribution":"{\"name\": \"FloatDistribution\", \"attributes\": {\"step\": null, \"low\": 0.0, \"high\": 1.0, \"log\": false}}"}
{"op_code":5,"worker_id":"aea74c46-e127-4a00-b2fa-ce5d12434b10-133458292066112","trial_id":2,"param_name":"crop_probability","param_value_internal":0.7068039246773643,"distribution":"{\"name\": \"FloatDistribution\", \"attributes\": {\"step\": null, \"low\": 0.2, \"high\": 0.8, \"log\": false}}"}
{"op_code":5,"worker_id":"aea74c46-e127-4a00-b2fa-ce5d12434b10-133458292066112","trial_id":2,"param_name":"transformer_tokenizer","param_value_internal":0,"distribution":"{\"name\": \"CategoricalDistribution\", \"attributes\": {\"choices\": [\"k12s6\", \"k6s3\", \"k8s4\"]}}"}
{"op_code":5,"worker_id":"aea74c46-e127-4a00-b2fa-ce5d12434b10-133458292066112","trial_id":2,"param_name":"transformer_dim","param_value_internal":2,"distribution":"{\"name\": \"CategoricalDistribution\", \"attributes\": {\"choices\": [192, 256, 320]}}"}
{"op_code":5,"worker_id":"aea74c46-e127-4a00-b2fa-ce5d12434b10-133458292066112","trial_id":2,"param_name":"transformer_layers","param_value_internal":4.0,"distribution":"{\"name\": \"IntDistribution\", \"attributes\": {\"log\": false, \"step\": 2, \"low\": 4, \"high\": 8}}"}
{"op_code":8,"worker_id":"aea74c46-e127-4a00-b2fa-ce5d12434b10-133458292066112","trial_id":2,"user_attr":{"encoder":{"embedding_dim":64,"model_dim":320,"token_kernel":12,"token_stride":6,"layers":4,"heads":8,"ffn_multiplier":4,"dropout":0.1066682454286515}}}
{"op_code":7,"worker_id":"aea74c46-e127-4a00-b2fa-ce5d12434b10-133458292066112","trial_id":2,"step":1,"intermediate_value":0.042578730463816945}
{"op_code":7,"worker_id":"aea74c46-e127-4a00-b2fa-ce5d12434b10-133458292066112","trial_id":2,"step":2,"intermediate_value":0.041675778666351006}
{"op_code":9,"worker_id":"aea74c46-e127-4a00-b2fa-ce5d12434b10-133458292066112","trial_id":2,"system_attr":{"completed_rung_0":0.041675778666351006}}
{"op_code":6,"worker_id":"aea74c46-e127-4a00-b2fa-ce5d12434b10-133458292066112","trial_id":2,"state":2,"values":[0.041675778666351006],"datetime_complete":"2026-09-23T19:37:01.403304+00:00"}
{"op_code":4,"worker_id":"aea74c46-e127-4a00-b2fa-ce5d12434b10-133458292066112","study_id":0,"datetime_start":"2026-09-23T19:37:01.526238+00:00"}
{"op_code":5,"worker_id":"aea74c46-e127-4a00-b2fa-ce5d12434b10-133458292066112","trial_id":3,"param_name":"dropout","param_value_internal":0.0684715827044741,"distribution":"{\"name\": \"FloatDistribution\", \"attributes\": {\"step\": null, \"low\": 0.0, \"high\": 0.3, \"log\": false}}"}
{"op_code":5,"worker_id":"aea74c46-e127-4a00-b2fa-ce5d12434b10-133458292066112","trial_id":3,"param_name":"learning_rate","param_value_internal":0.0003838140220993488,"distribution":"{\"name\": \"FloatDistribution\", \"attributes\": {\"step\": null, \"low\": 0.0001, \"high\": 0.003, \"log\": true}}"}
{"op_code":5,"worker_id":"aea74c46-e127-4a00-b2fa-ce5d12434b10-133458292066112","trial_id":3,"param_name":"weight_decay","param_value_internal":0.1483329257565296,"distribution":"{\"name\": \"FloatDistribution\", \"attributes\": {\"step\": null, \"low\": 0.001, \"high\": 0.2, \"log\": true}}"}
{"op_code":5,"worker_id":"aea74c46-e127-4a00-b2fa-ce5d12434b10-133458292066112","trial_id":3,"param_name":"warmup_fraction","param_value_internal":0.08879784572990343,"distribution":"{\"name\": \"FloatDistribution\", \"attributes\": {\"step\": null, \"low\": 0.02, \"high\": 0.1, \"log\": false}}"}
{"op_code":5,"worker_id":"aea74c46-e127-4a00-b2fa-ce5d12434b10-133458292066112","trial_id":3,"param_name":"sampling_power","param_value_internal":0.9176277362442854,"distribution":"{\"name\": \"FloatDistribution\", \"attributes\": {\"step\": null, \"low\": 0.0, \"high\": 1.0, \"log\": false}}"}
{"op_code":5,"worker_id":"aea74c46-e127-4a00-b2fa-ce5d12434b10-133458292066112","trial_id":3,"param_name":"crop_probability","param_value_internal":0.5743346867920319,"distribution":"{\"name\": \"FloatDistribution\", \"attributes\": {\"step\": null, \"low\": 0.2, \"high\": 0.8, \"log\": false}}"}
{"op_code":5,"worker_id":"aea74c46-e127-4a00-b2fa-ce5d12434b10-133458292066112","trial_id":3,"param_name":"transformer_tokenizer","param_value_internal":0,"distribution":"{\"name\": \"CategoricalDistribution\", \"attributes\": {\"choices\": [\"k12s6\", \"k6s3\", \"k8s4\"]}}"}
{"op_code":5,"worker_id":"aea74c46-e127-4a00-b2fa-ce5d12434b10-133458292066112","trial_id":3,"param_name":"transformer_dim","param_value_internal":2,"distribution":"{\"name\": \"CategoricalDistribution\", \"attributes\": {\"choices\": [192, 256, 320]}}"}
{"op_code":5,"worker_id":"aea74c46-e127-4a00-b2fa-ce5d12434b10-133458292066112","trial_id":3,"param_name":"transformer_layers","param_value_internal":6.0,"distribution":"{\"name\": \"IntDistribution\", \"attributes\": {\"log\": false, \"step\": 2, \"low\": 4, \"high\": 8}}"}
{"op_code":8,"worker_id":"aea74c46-e127-4a00-b2fa-ce5d12434b10-133458292066112","trial_id":3,"user_attr":{"encoder":{"embedding_dim":64,"model_dim":320,"token_kernel":12,"token_stride":6,"layers":6,"heads":8,"ffn_multiplier":4,"dropout":0.0684715827044741}}}
{"op_code":7,"worker_id":"aea74c46-e127-4a00-b2fa-ce5d12434b10-133458292066112","trial_id":3,"step":1,"intermediate_value":0.0007112375533428165}
{"op_code":7,"worker_id":"aea74c46-e127-4a00-b2fa-ce5d12434b10-133458292066112","trial_id":3,"step":2,"intermediate_value":0.003103485788512884}
{"op_code":9,"worker_id":"aea74c46-e127-4a00-b2fa-ce5d12434b10-133458292066112","trial_id":3,"system_attr":{"completed_rung_0":0.003103485788512884}}
{"op_code":6,"worker_id":"aea74c46-e127-4a00-b2fa-ce5d12434b10-133458292066112","trial_id":3,"state":2,"values":[0.003103485788512884],"datetime_complete":"2026-09-23T19:48:13.497831+00:00"}
{"op_code":4,"worker_id":"aea74c46-e127-4a00-b2fa-ce5d12434b10-133458292066112","study_id":0,"datetime_start":"2026-09-23T19:48:13.628725+00:00"}
{"op_code":5,"worker_id":"aea74c46-e127-4a00-b2fa-ce5d12434b10-133458292066112","trial_id":4,"param_name":"dropout","param_value_internal":0.0447164299423119,"distribution":"{\"name\": \"FloatDistribution\", \"attributes\": {\"step\": null, \"low\": 0.0, \"high\": 0.3, \"log\": false}}"}
{"op_code":5,"worker_id":"aea74c46-e127-4a00-b2fa-ce5d12434b10-133458292066112","trial_id":4,"param_name":"learning_rate","param_value_internal":0.0020194172273842173,"distribution":"{\"name\": \"FloatDistribution\", \"attributes\": {\"step\": null, \"low\": 0.0001, \"high\": 0.003, \"log\": true}}"}
{"op_code":5,"worker_id":"aea74c46-e127-4a00-b2fa-ce5d12434b10-133458292066112","trial_id":4,"param_name":"weight_decay","param_value_internal":0.0022477491384343194,"distribution":"{\"name\": \"FloatDistribution\", \"attributes\": {\"step\": null, \"low\": 0.001, \"high\": 0.2, \"log\": true}}"}
{"op_code":5,"worker_id":"aea74c46-e127-4a00-b2fa-ce5d12434b10-133458292066112","trial_id":4,"param_name":"warmup_fraction","param_value_internal":0.09554504453184312,"distribution":"{\"name\": \"FloatDistribution\", \"attributes\": {\"step\": null, \"low\": 0.02, \"high\": 0.1, \"log\": false}}"}
{"op_code":5,"worker_id":"aea74c46-e127-4a00-b2fa-ce5d12434b10-133458292066112","trial_id":4,"param_name":"sampling_power","param_value_internal":0.984226240371099,"distribution":"{\"name\": \"FloatDistribution\", \"attributes\": {\"step\": null, \"low\": 0.0, \"high\": 1.0, \"log\": false}}"}
{"op_code":5,"worker_id":"aea74c46-e127-4a00-b2fa-ce5d12434b10-133458292066112","trial_id":4,"param_name":"crop_probability","param_value_internal":0.20161888396987504,"distribution":"{\"name\": \"FloatDistribution\", \"attributes\": {\"step\": null, \"low\": 0.2, \"high\": 0.8, \"log\": false}}"}
{"op_code":5,"worker_id":"aea74c46-e127-4a00-b2fa-ce5d12434b10-133458292066112","trial_id":4,"param_name":"transformer_tokenizer","param_value_internal":0,"distribution":"{\"name\": \"CategoricalDistribution\", \"attributes\": {\"choices\": [\"k12s6\", \"k6s3\", \"k8s4\"]}}"}
{"op_code":5,"worker_id":"aea74c46-e127-4a00-b2fa-ce5d12434b10-133458292066112","trial_id":4,"param_name":"transformer_dim","param_value_internal":2,"distribution":"{\"name\": \"CategoricalDistribution\", \"attributes\": {\"choices\": [192, 256, 320]}}"}
{"op_code":5,"worker_id":"aea74c46-e127-4a00-b2fa-ce5d12434b10-133458292066112","trial_id":4,"param_name":"transformer_layers","param_value_internal":6.0,"distribution":"{\"name\": \"IntDistribution\", \"attributes\": {\"log\": false, \"step\": 2, \"low\": 4, \"high\": 8}}"}
{"op_code":8,"worker_id":"aea74c46-e127-4a00-b2fa-ce5d12434b10-133458292066112","trial_id":4,"user_attr":{"encoder":{"embedding_dim":64,"model_dim":320,"token_kernel":12,"token_stride":6,"layers":6,"heads":8,"ffn_multiplier":4,"dropout":0.0447164299423119}}}
{"op_code":7,"worker_id":"aea74c46-e127-4a00-b2fa-ce5d12434b10-133458292066112","trial_id":4,"step":1,"intermediate_value":0.00011753643629525152}
{"op_code":7,"worker_id":"aea74c46-e127-4a00-b2fa-ce5d12434b10-133458292066112","trial_id":4,"step":2,"intermediate_value":0.0004711489011095573}
{"op_code":7,"worker_id":"aea74c46-e127-4a00-b2fa-ce5d12434b10-133458292066112","trial_id":4,"step":3,"intermediate_value":0.0003151024233349228}
{"op_code":7,"worker_id":"aea74c46-e127-4a00-b2fa-ce5d12434b10-133458292066112","trial_id":4,"step":4,"intermediate_value":0.0017375775300205558}
{"op_code":7,"worker_id":"aea74c46-e127-4a00-b2fa-ce5d12434b10-133458292066112","trial_id":4,"step":5,"intermediate_value":0.000551178451853977}
{"op_code":7,"worker_id":"aea74c46-e127-4a00-b2fa-ce5d12434b10-133458292066112","trial_id":4,"step":6,"intermediate_value":0.001102356903707954}
{"op_code":9,"worker_id":"aea74c46-e127-4a00-b2fa-ce5d12434b10-133458292066112","trial_id":4,"system_attr":{"completed_rung_0":0.001102356903707954}}
{"op_code":6,"worker_id":"aea74c46-e127-4a00-b2fa-ce5d12434b10-133458292066112","trial_id":4,"state":2,"values":[0.001102356903707954],"datetime_complete":"2026-09-23T20:22:06.504644+00:00"}
{"op_code":4,"worker_id":"aea74c46-e127-4a00-b2fa-ce5d12434b10-133458292066112","study_id":0,"datetime_start":"2026-09-23T20:22:06.649622+00:00"}
{"op_code":5,"worker_id":"aea74c46-e127-4a00-b2fa-ce5d12434b10-133458292066112","trial_id":5,"param_name":"dropout","param_value_internal":0.09775472931062437,"distribution":"{\"name\": \"FloatDistribution\", \"attributes\": {\"step\": null, \"low\": 0.0, \"high\": 0.3, \"log\": false}}"}
{"op_code":5,"worker_id":"aea74c46-e127-4a00-b2fa-ce5d12434b10-133458292066112","trial_id":5,"param_name":"learning_rate","param_value_internal":0.002544892080245041,"distribution":"{\"name\": \"FloatDistribution\", \"attributes\": {\"step\": null, \"low\": 0.0001, \"high\": 0.003, \"log\": true}}"}
{"op_code":5,"worker_id":"aea74c46-e127-4a00-b2fa-ce5d12434b10-133458292066112","trial_id":5,"param_name":"weight_decay","param_value_internal":0.0048554174298040586,"distribution":"{\"name\": \"FloatDistribution\", \"attributes\": {\"step\": null, \"low\": 0.001, \"high\": 0.2, \"log\": true}}"}
{"op_code":5,"worker_id":"aea74c46-e127-4a00-b2fa-ce5d12434b10-133458292066112","trial_id":5,"param_name":"warmup_fraction","param_value_internal":0.057791833437718446,"distribution":"{\"name\": \"FloatDistribution\", \"attributes\": {\"step\": null, \"low\": 0.02, \"high\": 0.1, \"log\": false}}"}
{"op_code":5,"worker_id":"aea74c46-e127-4a00-b2fa-ce5d12434b10-133458292066112","trial_id":5,"param_name":"sampling_power","param_value_internal":0.6903747458703876,"distribution":"{\"name\": \"FloatDistribution\", \"attributes\": {\"step\": null, \"low\": 0.0, \"high\": 1.0, \"log\": false}}"}
{"op_code":5,"worker_id":"aea74c46-e127-4a00-b2fa-ce5d12434b10-133458292066112","trial_id":5,"param_name":"crop_probability","param_value_internal":0.3943020868717159,"distribution":"{\"name\": \"FloatDistribution\", \"attributes\": {\"step\": null, \"low\": 0.2, \"high\": 0.8, \"log\": false}}"}
{"op_code":5,"worker_id":"aea74c46-e127-4a00-b2fa-ce5d12434b10-133458292066112","trial_id":5,"param_name":"transformer_tokenizer","param_value_internal":0,"distribution":"{\"name\": \"CategoricalDistribution\", \"attributes\": {\"choices\": [\"k12s6\", \"k6s3\", \"k8s4\"]}}"}
{"op_code":5,"worker_id":"aea74c46-e127-4a00-b2fa-ce5d12434b10-133458292066112","trial_id":5,"param_name":"transformer_dim","param_value_internal":2,"distribution":"{\"name\": \"CategoricalDistribution\", \"attributes\": {\"choices\": [192, 256, 320]}}"}
{"op_code":5,"worker_id":"aea74c46-e127-4a00-b2fa-ce5d12434b10-133458292066112","trial_id":5,"param_name":"transformer_layers","param_value_internal":4.0,"distribution":"{\"name\": \"IntDistribution\", \"attributes\": {\"log\": false, \"step\": 2, \"low\": 4, \"high\": 8}}"}
{"op_code":8,"worker_id":"aea74c46-e127-4a00-b2fa-ce5d12434b10-133458292066112","trial_id":5,"user_attr":{"encoder":{"embedding_dim":64,"model_dim":320,"token_kernel":12,"token_stride":6,"layers":4,"heads":8,"ffn_multiplier":4,"dropout":0.09775472931062437}}}
{"op_code":7,"worker_id":"aea74c46-e127-4a00-b2fa-ce5d12434b10-133458292066112","trial_id":5,"step":1,"intermediate_value":0.001421471950757082}
{"op_code":7,"worker_id":"aea74c46-e127-4a00-b2fa-ce5d12434b10-133458292066112","trial_id":5,"step":2,"intermediate_value":0.009189911461457746}
{"op_code":9,"worker_id":"aea74c46-e127-4a00-b2fa-ce5d12434b10-133458292066112","trial_id":5,"system_attr":{"completed_rung_0":0.009189911461457746}}
{"op_code":6,"worker_id":"aea74c46-e127-4a00-b2fa-ce5d12434b10-133458292066112","trial_id":5,"state":2,"values":[0.009189911461457746],"datetime_complete":"2026-09-23T20:29:57.559548+00:00"}
{"op_code":4,"worker_id":"aea74c46-e127-4a00-b2fa-ce5d12434b10-133458292066112","study_id":0,"datetime_start":"2026-09-23T20:29:57.696901+00:00"}
{"op_code":5,"worker_id":"aea74c46-e127-4a00-b2fa-ce5d12434b10-133458292066112","trial_id":6,"param_name":"dropout","param_value_internal":0.2743687171306133,"distribution":"{\"name\": \"FloatDistribution\", \"attributes\": {\"step\": null, \"low\": 0.0, \"high\": 0.3, \"log\": false}}"}
{"op_code":5,"worker_id":"aea74c46-e127-4a00-b2fa-ce5d12434b10-133458292066112","trial_id":6,"param_name":"learning_rate","param_value_internal":0.00013746434293163248,"distribution":"{\"name\": \"FloatDistribution\", \"attributes\": {\"step\": null, \"low\": 0.0001, \"high\": 0.003, \"log\": true}}"}
{"op_code":5,"worker_id":"aea74c46-e127-4a00-b2fa-ce5d12434b10-133458292066112","trial_id":6,"param_name":"weight_decay","param_value_internal":0.04601048688337019,"distribution":"{\"name\": \"FloatDistribution\", \"attributes\": {\"step\": null, \"low\": 0.001, \"high\": 0.2, \"log\": true}}"}
{"op_code":5,"worker_id":"aea74c46-e127-4a00-b2fa-ce5d12434b10-133458292066112","trial_id":6,"param_name":"warmup_fraction","param_value_internal":0.024922614617436452,"distribution":"{\"name\": \"FloatDistribution\", \"attributes\": {\"step\": null, \"low\": 0.02, \"high\": 0.1, \"log\": false}}"}
{"op_code":5,"worker_id":"aea74c46-e127-4a00-b2fa-ce5d12434b10-133458292066112","trial_id":6,"param_name":"sampling_power","param_value_internal":0.4259316201493918,"distribution":"{\"name\": \"FloatDistribution\", \"attributes\": {\"step\": null, \"low\": 0.0, \"high\": 1.0, \"log\": false}}"}
{"op_code":5,"worker_id":"aea74c46-e127-4a00-b2fa-ce5d12434b10-133458292066112","trial_id":6,"param_name":"crop_probability","param_value_internal":0.5954801441911141,"distribution":"{\"name\": \"FloatDistribution\", \"attributes\": {\"step\": null, \"low\": 0.2, \"high\": 0.8, \"log\": false}}"}
{"op_code":5,"worker_id":"aea74c46-e127-4a00-b2fa-ce5d12434b10-133458292066112","trial_id":6,"param_name":"transformer_tokenizer","param_value_internal":0,"distribution":"{\"name\": \"CategoricalDistribution\", \"attributes\": {\"choices\": [\"k12s6\", \"k6s3\", \"k8s4\"]}}"}
{"op_code":5,"worker_id":"aea74c46-e127-4a00-b2fa-ce5d12434b10-133458292066112","trial_id":6,"param_name":"transformer_dim","param_value_internal":2,"distribution":"{\"name\": \"CategoricalDistribution\", \"attributes\": {\"choices\": [192, 256, 320]}}"}
{"op_code":5,"worker_id":"aea74c46-e127-4a00-b2fa-ce5d12434b10-133458292066112","trial_id":6,"param_name":"transformer_layers","param_value_internal":6.0,"distribution":"{\"name\": \"IntDistribution\", \"attributes\": {\"log\": false, \"step\": 2, \"low\": 4, \"high\": 8}}"}
{"op_code":8,"worker_id":"aea74c46-e127-4a00-b2fa-ce5d12434b10-133458292066112","trial_id":6,"user_attr":{"encoder":{"embedding_dim":64,"model_dim":320,"token_kernel":12,"token_stride":6,"layers":6,"heads":8,"ffn_multiplier":4,"dropout":0.2743687171306133}}}
{"op_code":7,"worker_id":"aea74c46-e127-4a00-b2fa-ce5d12434b10-133458292066112","trial_id":6,"step":1,"intermediate_value":0.10651448345383466}
{"op_code":7,"worker_id":"aea74c46-e127-4a00-b2fa-ce5d12434b10-133458292066112","trial_id":6,"step":2,"intermediate_value":0.12812658624031203}
{"op_code":9,"worker_id":"aea74c46-e127-4a00-b2fa-ce5d12434b10-133458292066112","trial_id":6,"system_attr":{"completed_rung_0":0.12812658624031203}}
{"op_code":7,"worker_id":"aea74c46-e127-4a00-b2fa-ce5d12434b10-133458292066112","trial_id":6,"step":3,"intermediate_value":0.14303649280636885}
{"op_code":7,"worker_id":"aea74c46-e127-4a00-b2fa-ce5d12434b10-133458292066112","trial_id":6,"step":4,"intermediate_value":0.15166079151677847}
{"op_code":7,"worker_id":"aea74c46-e127-4a00-b2fa-ce5d12434b10-133458292066112","trial_id":6,"step":5,"intermediate_value":0.15134368278158644}
{"op_code":7,"worker_id":"aea74c46-e127-4a00-b2fa-ce5d12434b10-133458292066112","trial_id":6,"step":6,"intermediate_value":0.15612277335608937}
{"op_code":9,"worker_id":"aea74c46-e127-4a00-b2fa-ce5d12434b10-133458292066112","trial_id":6,"system_attr":{"completed_rung_1":0.15612277335608937}}
{"op_code":6,"worker_id":"aea74c46-e127-4a00-b2fa-ce5d12434b10-133458292066112","trial_id":6,"state":2,"values":[0.15612277335608937],"datetime_complete":"2026-09-23T21:03:18.087904+00:00"}
{"op_code":4,"worker_id":"aea74c46-e127-4a00-b2fa-ce5d12434b10-133458292066112","study_id":0,"datetime_start":"2026-09-23T21:03:18.237241+00:00"}
{"op_code":5,"worker_id":"aea74c46-e127-4a00-b2fa-ce5d12434b10-133458292066112","trial_id":7,"param_name":"dropout","param_value_internal":0.1032747126417358,"distribution":"{\"name\": \"FloatDistribution\", \"attributes\": {\"step\": null, \"low\": 0.0, \"high\": 0.3, \"log\": false}}"}
{"op_code":5,"worker_id":"aea74c46-e127-4a00-b2fa-ce5d12434b10-133458292066112","trial_id":7,"param_name":"learning_rate","param_value_internal":0.0017217997283999209,"distribution":"{\"name\": \"FloatDistribution\", \"attributes\": {\"step\": null, \"low\": 0.0001, \"high\": 0.003, \"log\": true}}"}
{"op_code":5,"worker_id":"aea74c46-e127-4a00-b2fa-ce5d12434b10-133458292066112","trial_id":7,"param_name":"weight_decay","param_value_internal":0.08522121740859318,"distribution":"{\"name\": \"FloatDistribution\", \"attributes\": {\"step\": null, \"low\": 0.001, \"high\": 0.2, \"log\": true}}"}
{"op_code":5,"worker_id":"aea74c46-e127-4a00-b2fa-ce5d12434b10-133458292066112","trial_id":7,"param_name":"warmup_fraction","param_value_internal":0.02076595204482591,"distribution":"{\"name\": \"FloatDistribution\", \"attributes\": {\"step\": null, \"low\": 0.02, \"high\": 0.1, \"log\": false}}"}
{"op_code":5,"worker_id":"aea74c46-e127-4a00-b2fa-ce5d12434b10-133458292066112","trial_id":7,"param_name":"sampling_power","param_value_internal":0.7300827223420581,"distribution":"{\"name\": \"FloatDistribution\", \"attributes\": {\"step\": null, \"low\": 0.0, \"high\": 1.0, \"log\": false}}"}
{"op_code":5,"worker_id":"aea74c46-e127-4a00-b2fa-ce5d12434b10-133458292066112","trial_id":7,"param_name":"crop_probability","param_value_internal":0.7307418176683143,"distribution":"{\"name\": \"FloatDistribution\", \"attributes\": {\"step\": null, \"low\": 0.2, \"high\": 0.8, \"log\": false}}"}
{"op_code":5,"worker_id":"aea74c46-e127-4a00-b2fa-ce5d12434b10-133458292066112","trial_id":7,"param_name":"transformer_tokenizer","param_value_internal":2,"distribution":"{\"name\": \"CategoricalDistribution\", \"attributes\": {\"choices\": [\"k12s6\", \"k6s3\", \"k8s4\"]}}"}
{"op_code":5,"worker_id":"aea74c46-e127-4a00-b2fa-ce5d12434b10-133458292066112","trial_id":7,"param_name":"transformer_dim","param_value_internal":0,"distribution":"{\"name\": \"CategoricalDistribution\", \"attributes\": {\"choices\": [192, 256, 320]}}"}
{"op_code":5,"worker_id":"aea74c46-e127-4a00-b2fa-ce5d12434b10-133458292066112","trial_id":7,"param_name":"transformer_layers","param_value_internal":4.0,"distribution":"{\"name\": \"IntDistribution\", \"attributes\": {\"log\": false, \"step\": 2, \"low\": 4, \"high\": 8}}"}
{"op_code":8,"worker_id":"aea74c46-e127-4a00-b2fa-ce5d12434b10-133458292066112","trial_id":7,"user_attr":{"encoder":{"embedding_dim":64,"model_dim":192,"token_kernel":8,"token_stride":4,"layers":4,"heads":8,"ffn_multiplier":4,"dropout":0.1032747126417358}}}
{"op_code":7,"worker_id":"aea74c46-e127-4a00-b2fa-ce5d12434b10-133458292066112","trial_id":7,"step":1,"intermediate_value":0.0038532333833350835}
{"op_code":7,"worker_id":"aea74c46-e127-4a00-b2fa-ce5d12434b10-133458292066112","trial_id":7,"step":2,"intermediate_value":0.01064549071378557}
{"op_code":7,"worker_id":"aea74c46-e127-4a00-b2fa-ce5d12434b10-133458292066112","trial_id":7,"step":3,"intermediate_value":0.04841787820037394}
{"op_code":7,"worker_id":"aea74c46-e127-4a00-b2fa-ce5d12434b10-133458292066112","trial_id":7,"step":4,"intermediate_value":0.05512247084884602}
{"op_code":7,"worker_id":"aea74c46-e127-4a00-b2fa-ce5d12434b10-133458292066112","trial_id":7,"step":5,"intermediate_value":0.12161694022728838}
{"op_code":7,"worker_id":"aea74c46-e127-4a00-b2fa-ce5d12434b10-133458292066112","trial_id":7,"step":6,"intermediate_value":0.12752346660371305}
{"op_code":9,"worker_id":"aea74c46-e127-4a00-b2fa-ce5d12434b10-133458292066112","trial_id":7,"system_attr":{"completed_rung_0":0.12752346660371305}}
{"op_code":6,"worker_id":"aea74c46-e127-4a00-b2fa-ce5d12434b10-133458292066112","trial_id":7,"state":2,"values":[0.12752346660371305],"datetime_complete":"2026-09-23T21:26:36.737394+00:00"}
{"op_code":4,"worker_id":"aea74c46-e127-4a00-b2fa-ce5d12434b10-133458292066112","study_id":0,"datetime_start":"2026-09-23T21:26:36.894810+00:00"}
{"op_code":5,"worker_id":"aea74c46-e127-4a00-b2fa-ce5d12434b10-133458292066112","trial_id":8,"param_name":"dropout","param_value_internal":0.023624932464671566,"distribution":"{\"name\": \"FloatDistribution\", \"attributes\": {\"step\": null, \"low\": 0.0, \"high\": 0.3, \"log\": false}}"}
{"op_code":5,"worker_id":"aea74c46-e127-4a00-b2fa-ce5d12434b10-133458292066112","trial_id":8,"param_name":"learning_rate","param_value_internal":0.0001441459463262171,"distribution":"{\"name\": \"FloatDistribution\", \"attributes\": {\"step\": null, \"low\": 0.0001, \"high\": 0.003, \"log\": true}}"}
{"op_code":5,"worker_id":"aea74c46-e127-4a00-b2fa-ce5d12434b10-133458292066112","trial_id":8,"param_name":"weight_decay","param_value_internal":0.007854059410336324,"distribution":"{\"name\": \"FloatDistribution\", \"attributes\": {\"step\": null, \"low\": 0.001, \"high\": 0.2, \"log\": true}}"}
{"op_code":5,"worker_id":"aea74c46-e127-4a00-b2fa-ce5d12434b10-133458292066112","trial_id":8,"param_name":"warmup_fraction","param_value_internal":0.06702289155143469,"distribution":"{\"name\": \"FloatDistribution\", \"attributes\": {\"step\": null, \"low\": 0.02, \"high\": 0.1, \"log\": false}}"}
{"op_code":5,"worker_id":"aea74c46-e127-4a00-b2fa-ce5d12434b10-133458292066112","trial_id":8,"param_name":"sampling_power","param_value_internal":0.48952950933232975,"distribution":"{\"name\": \"FloatDistribution\", \"attributes\": {\"step\": null, \"low\": 0.0, \"high\": 1.0, \"log\": false}}"}
{"op_code":5,"worker_id":"aea74c46-e127-4a00-b2fa-ce5d12434b10-133458292066112","trial_id":8,"param_name":"crop_probability","param_value_internal":0.4345339395878396,"distribution":"{\"name\": \"FloatDistribution\", \"attributes\": {\"step\": null, \"low\": 0.2, \"high\": 0.8, \"log\": false}}"}
{"op_code":5,"worker_id":"aea74c46-e127-4a00-b2fa-ce5d12434b10-133458292066112","trial_id":8,"param_name":"transformer_tokenizer","param_value_internal":1,"distribution":"{\"name\": \"CategoricalDistribution\", \"attributes\": {\"choices\": [\"k12s6\", \"k6s3\", \"k8s4\"]}}"}
{"op_code":5,"worker_id":"aea74c46-e127-4a00-b2fa-ce5d12434b10-133458292066112","trial_id":8,"param_name":"transformer_dim","param_value_internal":0,"distribution":"{\"name\": \"CategoricalDistribution\", \"attributes\": {\"choices\": [192, 256, 320]}}"}
{"op_code":5,"worker_id":"aea74c46-e127-4a00-b2fa-ce5d12434b10-133458292066112","trial_id":8,"param_name":"transformer_layers","param_value_internal":4.0,"distribution":"{\"name\": \"IntDistribution\", \"attributes\": {\"log\": false, \"step\": 2, \"low\": 4, \"high\": 8}}"}
{"op_code":8,"worker_id":"aea74c46-e127-4a00-b2fa-ce5d12434b10-133458292066112","trial_id":8,"user_attr":{"encoder":{"embedding_dim":64,"model_dim":192,"token_kernel":6,"token_stride":3,"layers":4,"heads":8,"ffn_multiplier":4,"dropout":0.023624932464671566}}}
{"op_code":7,"worker_id":"aea74c46-e127-4a00-b2fa-ce5d12434b10-133458292066112","trial_id":8,"step":1,"intermediate_value":0.0868666157063455}
{"op_code":7,"worker_id":"aea74c46-e127-4a00-b2fa-ce5d12434b10-133458292066112","trial_id":8,"step":2,"intermediate_value":0.10942703523061328}
{"op_code":7,"worker_id":"aea74c46-e127-4a00-b2fa-ce5d12434b10-133458292066112","trial_id":8,"step":3,"intermediate_value":0.12552835665447942}
{"op_code":7,"worker_id":"aea74c46-e127-4a00-b2fa-ce5d12434b10-133458292066112","trial_id":8,"step":4,"intermediate_value":0.132650150707459}
{"op_code":7,"worker_id":"aea74c46-e127-4a00-b2fa-ce5d12434b10-133458292066112","trial_id":8,"step":5,"intermediate_value":0.1511256635597813}
{"op_code":7,"worker_id":"aea74c46-e127-4a00-b2fa-ce5d12434b10-133458292066112","trial_id":8,"step":6,"intermediate_value":0.15558664224316365}
{"op_code":9,"worker_id":"aea74c46-e127-4a00-b2fa-ce5d12434b10-133458292066112","trial_id":8,"system_attr":{"completed_rung_0":0.15558664224316365}}
{"op_code":6,"worker_id":"aea74c46-e127-4a00-b2fa-ce5d12434b10-133458292066112","trial_id":8,"state":2,"values":[0.15558664224316365],"datetime_complete":"2026-09-23T22:02:48.642245+00:00"}
{"op_code":4,"worker_id":"aea74c46-e127-4a00-b2fa-ce5d12434b10-133458292066112","study_id":0,"datetime_start":"2026-09-23T22:02:48.819553+00:00"}
{"op_code":5,"worker_id":"aea74c46-e127-4a00-b2fa-ce5d12434b10-133458292066112","trial_id":9,"param_name":"dropout","param_value_internal":0.06720341170110179,"distribution":"{\"name\": \"FloatDistribution\", \"attributes\": {\"step\": null, \"low\": 0.0, \"high\": 0.3, \"log\": false}}"}
{"op_code":5,"worker_id":"aea74c46-e127-4a00-b2fa-ce5d12434b10-133458292066112","trial_id":9,"param_name":"learning_rate","param_value_internal":0.0018434223954697654,"distribution":"{\"name\": \"FloatDistribution\", \"attributes\": {\"step\": null, \"low\": 0.0001, \"high\": 0.003, \"log\": true}}"}
{"op_code":5,"worker_id":"aea74c46-e127-4a00-b2fa-ce5d12434b10-133458292066112","trial_id":9,"param_name":"weight_decay","param_value_internal":0.02395496250319459,"distribution":"{\"name\": \"FloatDistribution\", \"attributes\": {\"step\": null, \"low\": 0.001, \"high\": 0.2, \"log\": true}}"}
{"op_code":5,"worker_id":"aea74c46-e127-4a00-b2fa-ce5d12434b10-133458292066112","trial_id":9,"param_name":"warmup_fraction","param_value_internal":0.07493777647310651,"distribution":"{\"name\": \"FloatDistribution\", \"attributes\": {\"step\": null, \"low\": 0.02, \"high\": 0.1, \"log\": false}}"}
{"op_code":5,"worker_id":"aea74c46-e127-4a00-b2fa-ce5d12434b10-133458292066112","trial_id":9,"param_name":"sampling_power","param_value_internal":0.24621726011237643,"distribution":"{\"name\": \"FloatDistribution\", \"attributes\": {\"step\": null, \"low\": 0.0, \"high\": 1.0, \"log\": false}}"}
{"op_code":5,"worker_id":"aea74c46-e127-4a00-b2fa-ce5d12434b10-133458292066112","trial_id":9,"param_name":"crop_probability","param_value_internal":0.42761316305527175,"distribution":"{\"name\": \"FloatDistribution\", \"attributes\": {\"step\": null, \"low\": 0.2, \"high\": 0.8, \"log\": false}}"}
{"op_code":5,"worker_id":"aea74c46-e127-4a00-b2fa-ce5d12434b10-133458292066112","trial_id":9,"param_name":"transformer_tokenizer","param_value_internal":0,"distribution":"{\"name\": \"CategoricalDistribution\", \"attributes\": {\"choices\": [\"k12s6\", \"k6s3\", \"k8s4\"]}}"}
{"op_code":5,"worker_id":"aea74c46-e127-4a00-b2fa-ce5d12434b10-133458292066112","trial_id":9,"param_name":"transformer_dim","param_value_internal":2,"distribution":"{\"name\": \"CategoricalDistribution\", \"attributes\": {\"choices\": [192, 256, 320]}}"}
{"op_code":5,"worker_id":"aea74c46-e127-4a00-b2fa-ce5d12434b10-133458292066112","trial_id":9,"param_name":"transformer_layers","param_value_internal":6.0,"distribution":"{\"name\": \"IntDistribution\", \"attributes\": {\"log\": false, \"step\": 2, \"low\": 4, \"high\": 8}}"}
{"op_code":8,"worker_id":"aea74c46-e127-4a00-b2fa-ce5d12434b10-133458292066112","trial_id":9,"user_attr":{"encoder":{"embedding_dim":64,"model_dim":320,"token_kernel":12,"token_stride":6,"layers":6,"heads":8,"ffn_multiplier":4,"dropout":0.06720341170110179}}}
{"op_code":7,"worker_id":"aea74c46-e127-4a00-b2fa-ce5d12434b10-133458292066112","trial_id":9,"step":1,"intermediate_value":0.1066246076824356}
{"op_code":7,"worker_id":"aea74c46-e127-4a00-b2fa-ce5d12434b10-133458292066112","trial_id":9,"step":2,"intermediate_value":0.11618256590790182}
{"op_code":9,"worker_id":"aea74c46-e127-4a00-b2fa-ce5d12434b10-133458292066112","trial_id":9,"system_attr":{"completed_rung_0":0.11618256590790182}}
{"op_code":7,"worker_id":"aea74c46-e127-4a00-b2fa-ce5d12434b10-133458292066112","trial_id":9,"step":3,"intermediate_value":0.10793456213246874}
{"op_code":7,"worker_id":"aea74c46-e127-4a00-b2fa-ce5d12434b10-133458292066112","trial_id":9,"step":4,"intermediate_value":0.12186505412695005}
{"op_code":7,"worker_id":"aea74c46-e127-4a00-b2fa-ce5d12434b10-133458292066112","trial_id":9,"step":5,"intermediate_value":0.14587520116062913}
{"op_code":7,"worker_id":"aea74c46-e127-4a00-b2fa-ce5d12434b10-133458292066112","trial_id":9,"step":6,"intermediate_value":0.15370722961102296}
{"op_code":9,"worker_id":"aea74c46-e127-4a00-b2fa-ce5d12434b10-133458292066112","trial_id":9,"system_attr":{"completed_rung_1":0.15370722961102296}}
{"op_code":6,"worker_id":"aea74c46-e127-4a00-b2fa-ce5d12434b10-133458292066112","trial_id":9,"state":2,"values":[0.15370722961102296],"datetime_complete":"2026-09-23T22:36:20.753431+00:00"}
{"op_code":4,"worker_id":"aea74c46-e127-4a00-b2fa-ce5d12434b10-133458292066112","study_id":0,"datetime_start":"2026-09-23T22:36:20.903306+00:00"}
{"op_code":9,"worker_id":"aea74c46-e127-4a00-b2fa-ce5d12434b10-133458292066112","trial_id":10,"system_attr":{"tpe:relative_params:0":"{\"crop_probability\": 0.2058979721090905, \"dropout\": 0.24562386121309154, \"learning_rate\": 0.0016364587248267396, \"sampling_power\": 0.9271188562461868, \"transformer_dim\": 256, \"transformer_layers\": 8, \"transformer_tokenizer\": \"k12s6\", \"warmup_fraction\": 0.05549240698360107, \"weight_decay\": 0.0026603034366986474}"}}
{"op_code":5,"worker_id":"aea74c46-e127-4a00-b2fa-ce5d12434b10-133458292066112","trial_id":10,"param_name":"dropout","param_value_internal":0.24562386121309154,"distribution":"{\"name\": \"FloatDistribution\", \"attributes\": {\"step\": null, \"low\": 0.0, \"high\": 0.3, \"log\": false}}"}
{"op_code":5,"worker_id":"aea74c46-e127-4a00-b2fa-ce5d12434b10-133458292066112","trial_id":10,"param_name":"learning_rate","param_value_internal":0.0016364587248267396,"distribution":"{\"name\": \"FloatDistribution\", \"attributes\": {\"step\": null, \"low\": 0.0001, \"high\": 0.003, \"log\": true}}"}
{"op_code":5,"worker_id":"aea74c46-e127-4a00-b2fa-ce5d12434b10-133458292066112","trial_id":10,"param_name":"weight_decay","param_value_internal":0.0026603034366986474,"distribution":"{\"name\": \"FloatDistribution\", \"attributes\": {\"step\": null, \"low\": 0.001, \"high\": 0.2, \"log\": true}}"}
{"op_code":5,"worker_id":"aea74c46-e127-4a00-b2fa-ce5d12434b10-133458292066112","trial_id":10,"param_name":"warmup_fraction","param_value_internal":0.05549240698360107,"distribution":"{\"name\": \"FloatDistribution\", \"attributes\": {\"step\": null, \"low\": 0.02, \"high\": 0.1, \"log\": false}}"}
{"op_code":5,"worker_id":"aea74c46-e127-4a00-b2fa-ce5d12434b10-133458292066112","trial_id":10,"param_name":"sampling_power","param_value_internal":0.9271188562461868,"distribution":"{\"name\": \"FloatDistribution\", \"attributes\": {\"step\": null, \"low\": 0.0, \"high\": 1.0, \"log\": false}}"}
{"op_code":5,"worker_id":"aea74c46-e127-4a00-b2fa-ce5d12434b10-133458292066112","trial_id":10,"param_name":"crop_probability","param_value_internal":0.2058979721090905,"distribution":"{\"name\": \"FloatDistribution\", \"attributes\": {\"step\": null, \"low\": 0.2, \"high\": 0.8, \"log\": false}}"}
{"op_code":5,"worker_id":"aea74c46-e127-4a00-b2fa-ce5d12434b10-133458292066112","trial_id":10,"param_name":"transformer_tokenizer","param_value_internal":0,"distribution":"{\"name\": \"CategoricalDistribution\", \"attributes\": {\"choices\": [\"k12s6\", \"k6s3\", \"k8s4\"]}}"}
{"op_code":5,"worker_id":"aea74c46-e127-4a00-b2fa-ce5d12434b10-133458292066112","trial_id":10,"param_name":"transformer_dim","param_value_internal":1,"distribution":"{\"name\": \"CategoricalDistribution\", \"attributes\": {\"choices\": [192, 256, 320]}}"}
{"op_code":5,"worker_id":"aea74c46-e127-4a00-b2fa-ce5d12434b10-133458292066112","trial_id":10,"param_name":"transformer_layers","param_value_internal":8.0,"distribution":"{\"name\": \"IntDistribution\", \"attributes\": {\"log\": false, \"step\": 2, \"low\": 4, \"high\": 8}}"}
{"op_code":8,"worker_id":"aea74c46-e127-4a00-b2fa-ce5d12434b10-133458292066112","trial_id":10,"user_attr":{"encoder":{"embedding_dim":64,"model_dim":256,"token_kernel":12,"token_stride":6,"layers":8,"heads":8,"ffn_multiplier":4,"dropout":0.24562386121309154}}}
{"op_code":7,"worker_id":"aea74c46-e127-4a00-b2fa-ce5d12434b10-133458292066112","trial_id":10,"step":1,"intermediate_value":0.00023607602851905427}
{"op_code":7,"worker_id":"aea74c46-e127-4a00-b2fa-ce5d12434b10-133458292066112","trial_id":10,"step":2,"intermediate_value":0.00027659238185553974}
{"op_code":9,"worker_id":"aea74c46-e127-4a00-b2fa-ce5d12434b10-133458292066112","trial_id":10,"system_attr":{"completed_rung_0":0.00027659238185553974}}
{"op_code":6,"worker_id":"aea74c46-e127-4a00-b2fa-ce5d12434b10-133458292066112","trial_id":10,"state":2,"values":[0.00027659238185553974],"datetime_complete":"2026-09-23T22:47:44.272042+00:00"}
{"op_code":4,"worker_id":"aea74c46-e127-4a00-b2fa-ce5d12434b10-133458292066112","study_id":0,"datetime_start":"2026-09-23T22:47:44.428825+00:00"}
{"op_code":9,"worker_id":"aea74c46-e127-4a00-b2fa-ce5d12434b10-133458292066112","trial_id":11,"system_attr":{"tpe:relative_params:0":"{\"crop_probability\": 0.7212015117639814, \"dropout\": 0.2451304933552201, \"learning_rate\": 0.0007631569647547399, \"sampling_power\": 0.40046113332020483, \"transformer_dim\": 320, \"transformer_layers\": 8, \"transformer_tokenizer\": \"k6s3\", \"warmup_fraction\": 0.07212640960619777, \"weight_decay\": 0.07323043798032469}"}}
{"op_code":5,"worker_id":"aea74c46-e127-4a00-b2fa-ce5d12434b10-133458292066112","trial_id":11,"param_name":"dropout","param_value_internal":0.2451304933552201,"distribution":"{\"name\": \"FloatDistribution\", \"attributes\": {\"step\": null, \"low\": 0.0, \"high\": 0.3, \"log\": false}}"}
{"op_code":5,"worker_id":"aea74c46-e127-4a00-b2fa-ce5d12434b10-133458292066112","trial_id":11,"param_name":"learning_rate","param_value_internal":0.0007631569647547399,"distribution":"{\"name\": \"FloatDistribution\", \"attributes\": {\"step\": null, \"low\": 0.0001, \"high\": 0.003, \"log\": true}}"}
{"op_code":5,"worker_id":"aea74c46-e127-4a00-b2fa-ce5d12434b10-133458292066112","trial_id":11,"param_name":"weight_decay","param_value_internal":0.07323043798032469,"distribution":"{\"name\": \"FloatDistribution\", \"attributes\": {\"step\": null, \"low\": 0.001, \"high\": 0.2, \"log\": true}}"}
{"op_code":5,"worker_id":"aea74c46-e127-4a00-b2fa-ce5d12434b10-133458292066112","trial_id":11,"param_name":"warmup_fraction","param_value_internal":0.07212640960619777,"distribution":"{\"name\": \"FloatDistribution\", \"attributes\": {\"step\": null, \"low\": 0.02, \"high\": 0.1, \"log\": false}}"}
{"op_code":5,"worker_id":"aea74c46-e127-4a00-b2fa-ce5d12434b10-133458292066112","trial_id":11,"param_name":"sampling_power","param_value_internal":0.40046113332020483,"distribution":"{\"name\": \"FloatDistribution\", \"attributes\": {\"step\": null, \"low\": 0.0, \"high\": 1.0, \"log\": false}}"}
{"op_code":5,"worker_id":"aea74c46-e127-4a00-b2fa-ce5d12434b10-133458292066112","trial_id":11,"param_name":"crop_probability","param_value_internal":0.7212015117639814,"distribution":"{\"name\": \"FloatDistribution\", \"attributes\": {\"step\": null, \"low\": 0.2, \"high\": 0.8, \"log\": false}}"}
{"op_code":5,"worker_id":"aea74c46-e127-4a00-b2fa-ce5d12434b10-133458292066112","trial_id":11,"param_name":"transformer_tokenizer","param_value_internal":1,"distribution":"{\"name\": \"CategoricalDistribution\", \"attributes\": {\"choices\": [\"k12s6\", \"k6s3\", \"k8s4\"]}}"}
{"op_code":5,"worker_id":"aea74c46-e127-4a00-b2fa-ce5d12434b10-133458292066112","trial_id":11,"param_name":"transformer_dim","param_value_internal":2,"distribution":"{\"name\": \"CategoricalDistribution\", \"attributes\": {\"choices\": [192, 256, 320]}}"}
{"op_code":5,"worker_id":"aea74c46-e127-4a00-b2fa-ce5d12434b10-133458292066112","trial_id":11,"param_name":"transformer_layers","param_value_internal":8.0,"distribution":"{\"name\": \"IntDistribution\", \"attributes\": {\"log\": false, \"step\": 2, \"low\": 4, \"high\": 8}}"}
{"op_code":8,"worker_id":"aea74c46-e127-4a00-b2fa-ce5d12434b10-133458292066112","trial_id":11,"user_attr":{"encoder":{"embedding_dim":64,"model_dim":320,"token_kernel":6,"token_stride":3,"layers":8,"heads":8,"ffn_multiplier":4,"dropout":0.2451304933552201}}}
{"op_code":7,"worker_id":"aea74c46-e127-4a00-b2fa-ce5d12434b10-133458292066112","trial_id":11,"step":1,"intermediate_value":0.06362165372261133}
{"op_code":7,"worker_id":"aea74c46-e127-4a00-b2fa-ce5d12434b10-133458292066112","trial_id":11,"step":2,"intermediate_value":0.10801799126719326}
{"op_code":9,"worker_id":"aea74c46-e127-4a00-b2fa-ce5d12434b10-133458292066112","trial_id":11,"system_attr":{"completed_rung_0":0.10801799126719326}}
{"op_code":6,"worker_id":"aea74c46-e127-4a00-b2fa-ce5d12434b10-133458292066112","trial_id":11,"state":2,"values":[0.10801799126719326],"datetime_complete":"2026-09-23T23:21:54.145689+00:00"}
{"op_code":4,"worker_id":"aea74c46-e127-4a00-b2fa-ce5d12434b10-133458292066112","study_id":0,"datetime_start":"2026-09-23T23:21:54.283939+00:00"}
{"op_code":9,"worker_id":"aea74c46-e127-4a00-b2fa-ce5d12434b10-133458292066112","trial_id":12,"system_attr":{"tpe:relative_params:0":"{\"crop_probability\": 0.4819984813109055, \"dropout\": 0.14850305123847735, \"learning_rate\": 0.0005241310576286801, \"sampling_power\": 0.41561666966775457, \"transformer_dim\": 320, \"transformer_layers\": 6, \"transformer_tokenizer\": \"k6s3\", \"warmup_fraction\": 0.07919176368850195, \"weight_decay\": 0.01223876120411368}"}}
{"op_code":5,"worker_id":"aea74c46-e127-4a00-b2fa-ce5d12434b10-133458292066112","trial_id":12,"param_name":"dropout","param_value_internal":0.14850305123847735,"distribution":"{\"name\": \"FloatDistribution\", \"attributes\": {\"step\": null, \"low\": 0.0, \"high\": 0.3, \"log\": false}}"}
{"op_code":5,"worker_id":"aea74c46-e127-4a00-b2fa-ce5d12434b10-133458292066112","trial_id":12,"param_name":"learning_rate","param_value_internal":0.0005241310576286801,"distribution":"{\"name\": \"FloatDistribution\", \"attributes\": {\"step\": null, \"low\": 0.0001, \"high\": 0.003, \"log\": true}}"}
{"op_code":5,"worker_id":"aea74c46-e127-4a00-b2fa-ce5d12434b10-133458292066112","trial_id":12,"param_name":"weight_decay","param_value_internal":0.01223876120411368,"distribution":"{\"name\": \"FloatDistribution\", \"attributes\": {\"step\": null, \"low\": 0.001, \"high\": 0.2, \"log\": true}}"}
{"op_code":5,"worker_id":"aea74c46-e127-4a00-b2fa-ce5d12434b10-133458292066112","trial_id":12,"param_name":"warmup_fraction","param_value_internal":0.07919176368850195,"distribution":"{\"name\": \"FloatDistribution\", \"attributes\": {\"step\": null, \"low\": 0.02, \"high\": 0.1, \"log\": false}}"}
{"op_code":5,"worker_id":"aea74c46-e127-4a00-b2fa-ce5d12434b10-133458292066112","trial_id":12,"param_name":"sampling_power","param_value_internal":0.41561666966775457,"distribution":"{\"name\": \"FloatDistribution\", \"attributes\": {\"step\": null, \"low\": 0.0, \"high\": 1.0, \"log\": false}}"}
{"op_code":5,"worker_id":"aea74c46-e127-4a00-b2fa-ce5d12434b10-133458292066112","trial_id":12,"param_name":"crop_probability","param_value_internal":0.4819984813109055,"distribution":"{\"name\": \"FloatDistribution\", \"attributes\": {\"step\": null, \"low\": 0.2, \"high\": 0.8, \"log\": false}}"}
{"op_code":5,"worker_id":"aea74c46-e127-4a00-b2fa-ce5d12434b10-133458292066112","trial_id":12,"param_name":"transformer_tokenizer","param_value_internal":1,"distribution":"{\"name\": \"CategoricalDistribution\", \"attributes\": {\"choices\": [\"k12s6\", \"k6s3\", \"k8s4\"]}}"}
{"op_code":5,"worker_id":"aea74c46-e127-4a00-b2fa-ce5d12434b10-133458292066112","trial_id":12,"param_name":"transformer_dim","param_value_internal":2,"distribution":"{\"name\": \"CategoricalDistribution\", \"attributes\": {\"choices\": [192, 256, 320]}}"}
{"op_code":5,"worker_id":"aea74c46-e127-4a00-b2fa-ce5d12434b10-133458292066112","trial_id":12,"param_name":"transformer_layers","param_value_internal":6.0,"distribution":"{\"name\": \"IntDistribution\", \"attributes\": {\"log\": false, \"step\": 2, \"low\": 4, \"high\": 8}}"}
{"op_code":8,"worker_id":"aea74c46-e127-4a00-b2fa-ce5d12434b10-133458292066112","trial_id":12,"user_attr":{"encoder":{"embedding_dim":64,"model_dim":320,"token_kernel":6,"token_stride":3,"layers":6,"heads":8,"ffn_multiplier":4,"dropout":0.14850305123847735}}}
{"op_code":7,"worker_id":"aea74c46-e127-4a00-b2fa-ce5d12434b10-133458292066112","trial_id":12,"step":1,"intermediate_value":0.09959449093514865}
{"op_code":7,"worker_id":"aea74c46-e127-4a00-b2fa-ce5d12434b10-133458292066112","trial_id":12,"step":2,"intermediate_value":0.11398871962304521}
{"op_code":9,"worker_id":"aea74c46-e127-4a00-b2fa-ce5d12434b10-133458292066112","trial_id":12,"system_attr":{"completed_rung_0":0.11398871962304521}}
{"op_code":7,"worker_id":"aea74c46-e127-4a00-b2fa-ce5d12434b10-133458292066112","trial_id":12,"step":3,"intermediate_value":0.15086133197260804}
{"op_code":7,"worker_id":"aea74c46-e127-4a00-b2fa-ce5d12434b10-133458292066112","trial_id":12,"step":4,"intermediate_value":0.20237584106264978}
{"op_code":7,"worker_id":"aea74c46-e127-4a00-b2fa-ce5d12434b10-133458292066112","trial_id":12,"step":5,"intermediate_value":0.24344627085700504}
{"op_code":7,"worker_id":"aea74c46-e127-4a00-b2fa-ce5d12434b10-133458292066112","trial_id":12,"step":6,"intermediate_value":0.2549359730155514}
{"op_code":9,"worker_id":"aea74c46-e127-4a00-b2fa-ce5d12434b10-133458292066112","trial_id":12,"system_attr":{"completed_rung_1":0.2549359730155514}}
{"op_code":6,"worker_id":"aea74c46-e127-4a00-b2fa-ce5d12434b10-133458292066112","trial_id":12,"state":1,"values":[0.2549359730155514],"datetime_complete":"2026-09-24T00:42:03.683995+00:00"}
{"op_code":4,"worker_id":"aea74c46-e127-4a00-b2fa-ce5d12434b10-133458292066112","study_id":0,"datetime_start":"2026-09-24T00:42:03.816256+00:00"}
{"op_code":9,"worker_id":"aea74c46-e127-4a00-b2fa-ce5d12434b10-133458292066112","trial_id":13,"system_attr":{"tpe:relative_params:0":"{\"crop_probability\": 0.38652980231474654, \"dropout\": 0.16998696096718938, \"learning_rate\": 0.00027129816722577923, \"sampling_power\": 0.4820459899248859, \"transformer_dim\": 256, \"transformer_layers\": 6, \"transformer_tokenizer\": \"k12s6\", \"warmup_fraction\": 0.08973532832388786, \"weight_decay\": 0.0040925803989230285}"}}
{"op_code":5,"worker_id":"aea74c46-e127-4a00-b2fa-ce5d12434b10-133458292066112","trial_id":13,"param_name":"dropout","param_value_internal":0.16998696096718938,"distribution":"{\"name\": \"FloatDistribution\", \"attributes\": {\"step\": null, \"low\": 0.0, \"high\": 0.3, \"log\": false}}"}
{"op_code":5,"worker_id":"aea74c46-e127-4a00-b2fa-ce5d12434b10-133458292066112","trial_id":13,"param_name":"learning_rate","param_value_internal":0.00027129816722577923,"distribution":"{\"name\": \"FloatDistribution\", \"attributes\": {\"step\": null, \"low\": 0.0001, \"high\": 0.003, \"log\": true}}"}
{"op_code":5,"worker_id":"aea74c46-e127-4a00-b2fa-ce5d12434b10-133458292066112","trial_id":13,"param_name":"weight_decay","param_value_internal":0.0040925803989230285,"distribution":"{\"name\": \"FloatDistribution\", \"attributes\": {\"step\": null, \"low\": 0.001, \"high\": 0.2, \"log\": true}}"}
{"op_code":5,"worker_id":"aea74c46-e127-4a00-b2fa-ce5d12434b10-133458292066112","trial_id":13,"param_name":"warmup_fraction","param_value_internal":0.08973532832388786,"distribution":"{\"name\": \"FloatDistribution\", \"attributes\": {\"step\": null, \"low\": 0.02, \"high\": 0.1, \"log\": false}}"}
{"op_code":5,"worker_id":"aea74c46-e127-4a00-b2fa-ce5d12434b10-133458292066112","trial_id":13,"param_name":"sampling_power","param_value_internal":0.4820459899248859,"distribution":"{\"name\": \"FloatDistribution\", \"attributes\": {\"step\": null, \"low\": 0.0, \"high\": 1.0, \"log\": false}}"}
{"op_code":5,"worker_id":"aea74c46-e127-4a00-b2fa-ce5d12434b10-133458292066112","trial_id":13,"param_name":"crop_probability","param_value_internal":0.38652980231474654,"distribution":"{\"name\": \"FloatDistribution\", \"attributes\": {\"step\": null, \"low\": 0.2, \"high\": 0.8, \"log\": false}}"}
{"op_code":5,"worker_id":"aea74c46-e127-4a00-b2fa-ce5d12434b10-133458292066112","trial_id":13,"param_name":"transformer_tokenizer","param_value_internal":0,"distribution":"{\"name\": \"CategoricalDistribution\", \"attributes\": {\"choices\": [\"k12s6\", \"k6s3\", \"k8s4\"]}}"}
{"op_code":5,"worker_id":"aea74c46-e127-4a00-b2fa-ce5d12434b10-133458292066112","trial_id":13,"param_name":"transformer_dim","param_value_internal":1,"distribution":"{\"name\": \"CategoricalDistribution\", \"attributes\": {\"choices\": [192, 256, 320]}}"}
{"op_code":5,"worker_id":"aea74c46-e127-4a00-b2fa-ce5d12434b10-133458292066112","trial_id":13,"param_name":"transformer_layers","param_value_internal":6.0,"distribution":"{\"name\": \"IntDistribution\", \"attributes\": {\"log\": false, \"step\": 2, \"low\": 4, \"high\": 8}}"}
{"op_code":8,"worker_id":"aea74c46-e127-4a00-b2fa-ce5d12434b10-133458292066112","trial_id":13,"user_attr":{"encoder":{"embedding_dim":64,"model_dim":256,"token_kernel":12,"token_stride":6,"layers":6,"heads":8,"ffn_multiplier":4,"dropout":0.16998696096718938}}}
{"op_code":7,"worker_id":"aea74c46-e127-4a00-b2fa-ce5d12434b10-133458292066112","trial_id":13,"step":1,"intermediate_value":0.09969135121313875}
{"op_code":7,"worker_id":"aea74c46-e127-4a00-b2fa-ce5d12434b10-133458292066112","trial_id":13,"step":2,"intermediate_value":0.1330306254588045}
{"op_code":9,"worker_id":"aea74c46-e127-4a00-b2fa-ce5d12434b10-133458292066112","trial_id":13,"system_attr":{"completed_rung_0":0.1330306254588045}}
{"op_code":7,"worker_id":"aea74c46-e127-4a00-b2fa-ce5d12434b10-133458292066112","trial_id":13,"step":3,"intermediate_value":0.16476011309357014}
{"op_code":7,"worker_id":"aea74c46-e127-4a00-b2fa-ce5d12434b10-133458292066112","trial_id":13,"step":4,"intermediate_value":0.18364842461049127}
{"op_code":7,"worker_id":"aea74c46-e127-4a00-b2fa-ce5d12434b10-133458292066112","trial_id":13,"step":5,"intermediate_value":0.1955107991964944}
{"op_code":7,"worker_id":"aea74c46-e127-4a00-b2fa-ce5d12434b10-133458292066112","trial_id":13,"step":6,"intermediate_value":0.20996438127683023}
{"op_code":9,"worker_id":"aea74c46-e127-4a00-b2fa-ce5d12434b10-133458292066112","trial_id":13,"system_attr":{"completed_rung_1":0.20996438127683023}}
{"op_code":6,"worker_id":"aea74c46-e127-4a00-b2fa-ce5d12434b10-133458292066112","trial_id":13,"state":2,"values":[0.20996438127683023],"datetime_complete":"2026-09-24T01:07:55.429698+00:00"}
{"op_code":4,"worker_id":"aea74c46-e127-4a00-b2fa-ce5d12434b10-133458292066112","study_id":0,"datetime_start":"2026-09-24T01:07:55.586702+00:00"}
{"op_code":9,"worker_id":"aea74c46-e127-4a00-b2fa-ce5d12434b10-133458292066112","trial_id":14,"system_attr":{"tpe:relative_params:0":"{\"crop_probability\": 0.514671032883786, \"dropout\": 0.11149055116725676, \"learning_rate\": 0.0010744155730488508, \"sampling_power\": 0.8065523144236602, \"transformer_dim\": 256, \"transformer_layers\": 8, \"transformer_tokenizer\": \"k12s6\", \"warmup_fraction\": 0.07393072286175449, \"weight_decay\": 0.001966704419178245}"}}
{"op_code":5,"worker_id":"aea74c46-e127-4a00-b2fa-ce5d12434b10-133458292066112","trial_id":14,"param_name":"dropout","param_value_internal":0.11149055116725676,"distribution":"{\"name\": \"FloatDistribution\", \"attributes\": {\"step\": null, \"low\": 0.0, \"high\": 0.3, \"log\": false}}"}
{"op_code":5,"worker_id":"aea74c46-e127-4a00-b2fa-ce5d12434b10-133458292066112","trial_id":14,"param_name":"learning_rate","param_value_internal":0.0010744155730488508,"distribution":"{\"name\": \"FloatDistribution\", \"attributes\": {\"step\": null, \"low\": 0.0001, \"high\": 0.003, \"log\": true}}"}
{"op_code":5,"worker_id":"aea74c46-e127-4a00-b2fa-ce5d12434b10-133458292066112","trial_id":14,"param_name":"weight_decay","param_value_internal":0.001966704419178245,"distribution":"{\"name\": \"FloatDistribution\", \"attributes\": {\"step\": null, \"low\": 0.001, \"high\": 0.2, \"log\": true}}"}
{"op_code":5,"worker_id":"aea74c46-e127-4a00-b2fa-ce5d12434b10-133458292066112","trial_id":14,"param_name":"warmup_fraction","param_value_internal":0.07393072286175449,"distribution":"{\"name\": \"FloatDistribution\", \"attributes\": {\"step\": null, \"low\": 0.02, \"high\": 0.1, \"log\": false}}"}
{"op_code":5,"worker_id":"aea74c46-e127-4a00-b2fa-ce5d12434b10-133458292066112","trial_id":14,"param_name":"sampling_power","param_value_internal":0.8065523144236602,"distribution":"{\"name\": \"FloatDistribution\", \"attributes\": {\"step\": null, \"low\": 0.0, \"high\": 1.0, \"log\": false}}"}
{"op_code":5,"worker_id":"aea74c46-e127-4a00-b2fa-ce5d12434b10-133458292066112","trial_id":14,"param_name":"crop_probability","param_value_internal":0.514671032883786,"distribution":"{\"name\": \"FloatDistribution\", \"attributes\": {\"step\": null, \"low\": 0.2, \"high\": 0.8, \"log\": false}}"}
{"op_code":5,"worker_id":"aea74c46-e127-4a00-b2fa-ce5d12434b10-133458292066112","trial_id":14,"param_name":"transformer_tokenizer","param_value_internal":0,"distribution":"{\"name\": \"CategoricalDistribution\", \"attributes\": {\"choices\": [\"k12s6\", \"k6s3\", \"k8s4\"]}}"}
{"op_code":5,"worker_id":"aea74c46-e127-4a00-b2fa-ce5d12434b10-133458292066112","trial_id":14,"param_name":"transformer_dim","param_value_internal":1,"distribution":"{\"name\": \"CategoricalDistribution\", \"attributes\": {\"choices\": [192, 256, 320]}}"}
{"op_code":5,"worker_id":"aea74c46-e127-4a00-b2fa-ce5d12434b10-133458292066112","trial_id":14,"param_name":"transformer_layers","param_value_internal":8.0,"distribution":"{\"name\": \"IntDistribution\", \"attributes\": {\"log\": false, \"step\": 2, \"low\": 4, \"high\": 8}}"}
{"op_code":8,"worker_id":"aea74c46-e127-4a00-b2fa-ce5d12434b10-133458292066112","trial_id":14,"user_attr":{"encoder":{"embedding_dim":64,"model_dim":256,"token_kernel":12,"token_stride":6,"layers":8,"heads":8,"ffn_multiplier":4,"dropout":0.11149055116725676}}}
{"op_code":7,"worker_id":"aea74c46-e127-4a00-b2fa-ce5d12434b10-133458292066112","trial_id":14,"step":1,"intermediate_value":0.00235875397333344}
{"op_code":7,"worker_id":"aea74c46-e127-4a00-b2fa-ce5d12434b10-133458292066112","trial_id":14,"step":2,"intermediate_value":0.004377939664852292}
{"op_code":7,"worker_id":"aea74c46-e127-4a00-b2fa-ce5d12434b10-133458292066112","trial_id":14,"step":3,"intermediate_value":0.021485315023285476}
{"op_code":7,"worker_id":"aea74c46-e127-4a00-b2fa-ce5d12434b10-133458292066112","trial_id":14,"step":4,"intermediate_value":0.03330577998382913}
{"op_code":7,"worker_id":"aea74c46-e127-4a00-b2fa-ce5d12434b10-133458292066112","trial_id":14,"step":5,"intermediate_value":0.04943881228121448}
{"op_code":7,"worker_id":"aea74c46-e127-4a00-b2fa-ce5d12434b10-133458292066112","trial_id":14,"step":6,"intermediate_value":0.09617567979976116}
{"op_code":9,"worker_id":"aea74c46-e127-4a00-b2fa-ce5d12434b10-133458292066112","trial_id":14,"system_attr":{"completed_rung_0":0.09617567979976116}}
{"op_code":6,"worker_id":"aea74c46-e127-4a00-b2fa-ce5d12434b10-133458292066112","trial_id":14,"state":2,"values":[0.09617567979976116],"datetime_complete":"2026-09-24T01:41:25.941565+00:00"}
{"op_code":4,"worker_id":"aea74c46-e127-4a00-b2fa-ce5d12434b10-133458292066112","study_id":0,"datetime_start":"2026-09-24T01:41:26.106531+00:00"}
{"op_code":9,"worker_id":"aea74c46-e127-4a00-b2fa-ce5d12434b10-133458292066112","trial_id":15,"system_attr":{"tpe:relative_params:0":"{\"crop_probability\": 0.5152214489079162, \"dropout\": 0.1444036101518832, \"learning_rate\": 0.0007439857110596231, \"sampling_power\": 0.36375908404426427, \"transformer_dim\": 320, \"transformer_layers\": 6, \"transformer_tokenizer\": \"k6s3\", \"warmup_fraction\": 0.04957659213568436, \"weight_decay\": 0.0036721259226001075}"}}
{"op_code":5,"worker_id":"aea74c46-e127-4a00-b2fa-ce5d12434b10-133458292066112","trial_id":15,"param_name":"dropout","param_value_internal":0.1444036101518832,"distribution":"{\"name\": \"FloatDistribution\", \"attributes\": {\"step\": null, \"low\": 0.0, \"high\": 0.3, \"log\": false}}"}
{"op_code":5,"worker_id":"aea74c46-e127-4a00-b2fa-ce5d12434b10-133458292066112","trial_id":15,"param_name":"learning_rate","param_value_internal":0.0007439857110596231,"distribution":"{\"name\": \"FloatDistribution\", \"attributes\": {\"step\": null, \"low\": 0.0001, \"high\": 0.003, \"log\": true}}"}
{"op_code":5,"worker_id":"aea74c46-e127-4a00-b2fa-ce5d12434b10-133458292066112","trial_id":15,"param_name":"weight_decay","param_value_internal":0.0036721259226001075,"distribution":"{\"name\": \"FloatDistribution\", \"attributes\": {\"step\": null, \"low\": 0.001, \"high\": 0.2, \"log\": true}}"}
{"op_code":5,"worker_id":"aea74c46-e127-4a00-b2fa-ce5d12434b10-133458292066112","trial_id":15,"param_name":"warmup_fraction","param_value_internal":0.04957659213568436,"distribution":"{\"name\": \"FloatDistribution\", \"attributes\": {\"step\": null, \"low\": 0.02, \"high\": 0.1, \"log\": false}}"}
{"op_code":5,"worker_id":"aea74c46-e127-4a00-b2fa-ce5d12434b10-133458292066112","trial_id":15,"param_name":"sampling_power","param_value_internal":0.36375908404426427,"distribution":"{\"name\": \"FloatDistribution\", \"attributes\": {\"step\": null, \"low\": 0.0, \"high\": 1.0, \"log\": false}}"}
{"op_code":5,"worker_id":"aea74c46-e127-4a00-b2fa-ce5d12434b10-133458292066112","trial_id":15,"param_name":"crop_probability","param_value_internal":0.5152214489079162,"distribution":"{\"name\": \"FloatDistribution\", \"attributes\": {\"step\": null, \"low\": 0.2, \"high\": 0.8, \"log\": false}}"}
{"op_code":5,"worker_id":"aea74c46-e127-4a00-b2fa-ce5d12434b10-133458292066112","trial_id":15,"param_name":"transformer_tokenizer","param_value_internal":1,"distribution":"{\"name\": \"CategoricalDistribution\", \"attributes\": {\"choices\": [\"k12s6\", \"k6s3\", \"k8s4\"]}}"}
{"op_code":5,"worker_id":"aea74c46-e127-4a00-b2fa-ce5d12434b10-133458292066112","trial_id":15,"param_name":"transformer_dim","param_value_internal":2,"distribution":"{\"name\": \"CategoricalDistribution\", \"attributes\": {\"choices\": [192, 256, 320]}}"}
{"op_code":5,"worker_id":"aea74c46-e127-4a00-b2fa-ce5d12434b10-133458292066112","trial_id":15,"param_name":"transformer_layers","param_value_internal":6.0,"distribution":"{\"name\": \"IntDistribution\", \"attributes\": {\"log\": false, \"step\": 2, \"low\": 4, \"high\": 8}}"}
{"op_code":8,"worker_id":"aea74c46-e127-4a00-b2fa-ce5d12434b10-133458292066112","trial_id":15,"user_attr":{"encoder":{"embedding_dim":64,"model_dim":320,"token_kernel":6,"token_stride":3,"layers":6,"heads":8,"ffn_multiplier":4,"dropout":0.1444036101518832}}}
{"op_code":7,"worker_id":"aea74c46-e127-4a00-b2fa-ce5d12434b10-133458292066112","trial_id":15,"step":1,"intermediate_value":0.0851812022846096}
{"op_code":7,"worker_id":"aea74c46-e127-4a00-b2fa-ce5d12434b10-133458292066112","trial_id":15,"step":2,"intermediate_value":0.1380303546067038}
{"op_code":9,"worker_id":"aea74c46-e127-4a00-b2fa-ce5d12434b10-133458292066112","trial_id":15,"system_attr":{"completed_rung_0":0.1380303546067038}}
{"op_code":7,"worker_id":"aea74c46-e127-4a00-b2fa-ce5d12434b10-133458292066112","trial_id":15,"step":3,"intermediate_value":0.16539293729183122}
{"op_code":7,"worker_id":"aea74c46-e127-4a00-b2fa-ce5d12434b10-133458292066112","trial_id":15,"step":4,"intermediate_value":0.20422794556117993}
{"op_code":7,"worker_id":"aea74c46-e127-4a00-b2fa-ce5d12434b10-133458292066112","trial_id":15,"step":5,"intermediate_value":0.22942973037620798}
{"op_code":7,"worker_id":"aea74c46-e127-4a00-b2fa-ce5d12434b10-133458292066112","trial_id":15,"step":6,"intermediate_value":0.234987047027727}
{"op_code":9,"worker_id":"aea74c46-e127-4a00-b2fa-ce5d12434b10-133458292066112","trial_id":15,"system_attr":{"completed_rung_1":0.234987047027727}}
{"op_code":6,"worker_id":"aea74c46-e127-4a00-b2fa-ce5d12434b10-133458292066112","trial_id":15,"state":1,"values":[0.234987047027727],"datetime_complete":"2026-09-24T03:00:43.288465+00:00"}
{"op_code":4,"worker_id":"aea74c46-e127-4a00-b2fa-ce5d12434b10-133458292066112","study_id":0,"datetime_start":"2026-09-24T03:00:43.446611+00:00"}
{"op_code":9,"worker_id":"aea74c46-e127-4a00-b2fa-ce5d12434b10-133458292066112","trial_id":16,"system_attr":{"tpe:relative_params:0":"{\"crop_probability\": 0.47275022885694473, \"dropout\": 0.08501520343154548, \"learning_rate\": 0.0008712527489399975, \"sampling_power\": 0.3098116197938878, \"transformer_dim\": 320, \"transformer_layers\": 4, \"transformer_tokenizer\": \"k6s3\", \"warmup_fraction\": 0.05137230491541184, \"weight_decay\": 0.0066987747669526925}"}}
{"op_code":5,"worker_id":"aea74c46-e127-4a00-b2fa-ce5d12434b10-133458292066112","trial_id":16,"param_name":"dropout","param_value_internal":0.08501520343154548,"distribution":"{\"name\": \"FloatDistribution\", \"attributes\": {\"step\": null, \"low\": 0.0, \"high\": 0.3, \"log\": false}}"}
{"op_code":5,"worker_id":"aea74c46-e127-4a00-b2fa-ce5d12434b10-133458292066112","trial_id":16,"param_name":"learning_rate","param_value_internal":0.0008712527489399975,"distribution":"{\"name\": \"FloatDistribution\", \"attributes\": {\"step\": null, \"low\": 0.0001, \"high\": 0.003, \"log\": true}}"}
{"op_code":5,"worker_id":"aea74c46-e127-4a00-b2fa-ce5d12434b10-133458292066112","trial_id":16,"param_name":"weight_decay","param_value_internal":0.0066987747669526925,"distribution":"{\"name\": \"FloatDistribution\", \"attributes\": {\"step\": null, \"low\": 0.001, \"high\": 0.2, \"log\": true}}"}
{"op_code":5,"worker_id":"aea74c46-e127-4a00-b2fa-ce5d12434b10-133458292066112","trial_id":16,"param_name":"warmup_fraction","param_value_internal":0.05137230491541184,"distribution":"{\"name\": \"FloatDistribution\", \"attributes\": {\"step\": null, \"low\": 0.02, \"high\": 0.1, \"log\": false}}"}
{"op_code":5,"worker_id":"aea74c46-e127-4a00-b2fa-ce5d12434b10-133458292066112","trial_id":16,"param_name":"sampling_power","param_value_internal":0.3098116197938878,"distribution":"{\"name\": \"FloatDistribution\", \"attributes\": {\"step\": null, \"low\": 0.0, \"high\": 1.0, \"log\": false}}"}
{"op_code":5,"worker_id":"aea74c46-e127-4a00-b2fa-ce5d12434b10-133458292066112","trial_id":16,"param_name":"crop_probability","param_value_internal":0.47275022885694473,"distribution":"{\"name\": \"FloatDistribution\", \"attributes\": {\"step\": null, \"low\": 0.2, \"high\": 0.8, \"log\": false}}"}
{"op_code":5,"worker_id":"aea74c46-e127-4a00-b2fa-ce5d12434b10-133458292066112","trial_id":16,"param_name":"transformer_tokenizer","param_value_internal":1,"distribution":"{\"name\": \"CategoricalDistribution\", \"attributes\": {\"choices\": [\"k12s6\", \"k6s3\", \"k8s4\"]}}"}
{"op_code":5,"worker_id":"aea74c46-e127-4a00-b2fa-ce5d12434b10-133458292066112","trial_id":16,"param_name":"transformer_dim","param_value_internal":2,"distribution":"{\"name\": \"CategoricalDistribution\", \"attributes\": {\"choices\": [192, 256, 320]}}"}
{"op_code":5,"worker_id":"aea74c46-e127-4a00-b2fa-ce5d12434b10-133458292066112","trial_id":16,"param_name":"transformer_layers","param_value_internal":4.0,"distribution":"{\"name\": \"IntDistribution\", \"attributes\": {\"log\": false, \"step\": 2, \"low\": 4, \"high\": 8}}"}
{"op_code":8,"worker_id":"aea74c46-e127-4a00-b2fa-ce5d12434b10-133458292066112","trial_id":16,"user_attr":{"encoder":{"embedding_dim":64,"model_dim":320,"token_kernel":6,"token_stride":3,"layers":4,"heads":8,"ffn_multiplier":4,"dropout":0.08501520343154548}}}
{"op_code":7,"worker_id":"aea74c46-e127-4a00-b2fa-ce5d12434b10-133458292066112","trial_id":16,"step":1,"intermediate_value":0.1270771736772776}
{"op_code":7,"worker_id":"aea74c46-e127-4a00-b2fa-ce5d12434b10-133458292066112","trial_id":16,"step":2,"intermediate_value":0.13625248364688644}
{"op_code":9,"worker_id":"aea74c46-e127-4a00-b2fa-ce5d12434b10-133458292066112","trial_id":16,"system_attr":{"completed_rung_0":0.13625248364688644}}
{"op_code":7,"worker_id":"aea74c46-e127-4a00-b2fa-ce5d12434b10-133458292066112","trial_id":16,"step":3,"intermediate_value":0.19638610847504023}
{"op_code":7,"worker_id":"aea74c46-e127-4a00-b2fa-ce5d12434b10-133458292066112","trial_id":16,"step":4,"intermediate_value":0.2737915705030247}
{"op_code":7,"worker_id":"aea74c46-e127-4a00-b2fa-ce5d12434b10-133458292066112","trial_id":16,"step":5,"intermediate_value":0.31377809031658044}
{"op_code":7,"worker_id":"aea74c46-e127-4a00-b2fa-ce5d12434b10-133458292066112","trial_id":16,"step":6,"intermediate_value":0.32770557284327606}
{"op_code":9,"worker_id":"aea74c46-e127-4a00-b2fa-ce5d12434b10-133458292066112","trial_id":16,"system_attr":{"completed_rung_1":0.32770557284327606}}
{"op_code":6,"worker_id":"aea74c46-e127-4a00-b2fa-ce5d12434b10-133458292066112","trial_id":16,"state":1,"values":[0.32770557284327606],"datetime_complete":"2026-09-24T03:54:29.416804+00:00"}
{"op_code":4,"worker_id":"aea74c46-e127-4a00-b2fa-ce5d12434b10-133458292066112","study_id":0,"datetime_start":"2026-09-24T03:54:29.584096+00:00"}
{"op_code":9,"worker_id":"aea74c46-e127-4a00-b2fa-ce5d12434b10-133458292066112","trial_id":17,"system_attr":{"tpe:relative_params:0":"{\"crop_probability\": 0.4596569150170445, \"dropout\": 0.181709314773908, \"learning_rate\": 0.0011517327231060825, \"sampling_power\": 0.47044208919458863, \"transformer_dim\": 320, \"transformer_layers\": 4, \"transformer_tokenizer\": \"k8s4\", \"warmup_fraction\": 0.05710773000783205, \"weight_decay\": 0.016955503745380532}"}}
{"op_code":5,"worker_id":"aea74c46-e127-4a00-b2fa-ce5d12434b10-133458292066112","trial_id":17,"param_name":"dropout","param_value_internal":0.181709314773908,"distribution":"{\"name\": \"FloatDistribution\", \"attributes\": {\"step\": null, \"low\": 0.0, \"high\": 0.3, \"log\": false}}"}
{"op_code":5,"worker_id":"aea74c46-e127-4a00-b2fa-ce5d12434b10-133458292066112","trial_id":17,"param_name":"learning_rate","param_value_internal":0.0011517327231060825,"distribution":"{\"name\": \"FloatDistribution\", \"attributes\": {\"step\": null, \"low\": 0.0001, \"high\": 0.003, \"log\": true}}"}
{"op_code":5,"worker_id":"aea74c46-e127-4a00-b2fa-ce5d12434b10-133458292066112","trial_id":17,"param_name":"weight_decay","param_value_internal":0.016955503745380532,"distribution":"{\"name\": \"FloatDistribution\", \"attributes\": {\"step\": null, \"low\": 0.001, \"high\": 0.2, \"log\": true}}"}
{"op_code":5,"worker_id":"aea74c46-e127-4a00-b2fa-ce5d12434b10-133458292066112","trial_id":17,"param_name":"warmup_fraction","param_value_internal":0.05710773000783205,"distribution":"{\"name\": \"FloatDistribution\", \"attributes\": {\"step\": null, \"low\": 0.02, \"high\": 0.1, \"log\": false}}"}
{"op_code":5,"worker_id":"aea74c46-e127-4a00-b2fa-ce5d12434b10-133458292066112","trial_id":17,"param_name":"sampling_power","param_value_internal":0.47044208919458863,"distribution":"{\"name\": \"FloatDistribution\", \"attributes\": {\"step\": null, \"low\": 0.0, \"high\": 1.0, \"log\": false}}"}
{"op_code":5,"worker_id":"aea74c46-e127-4a00-b2fa-ce5d12434b10-133458292066112","trial_id":17,"param_name":"crop_probability","param_value_internal":0.4596569150170445,"distribution":"{\"name\": \"FloatDistribution\", \"attributes\": {\"step\": null, \"low\": 0.2, \"high\": 0.8, \"log\": false}}"}
{"op_code":5,"worker_id":"aea74c46-e127-4a00-b2fa-ce5d12434b10-133458292066112","trial_id":17,"param_name":"transformer_tokenizer","param_value_internal":2,"distribution":"{\"name\": \"CategoricalDistribution\", \"attributes\": {\"choices\": [\"k12s6\", \"k6s3\", \"k8s4\"]}}"}
{"op_code":5,"worker_id":"aea74c46-e127-4a00-b2fa-ce5d12434b10-133458292066112","trial_id":17,"param_name":"transformer_dim","param_value_internal":2,"distribution":"{\"name\": \"CategoricalDistribution\", \"attributes\": {\"choices\": [192, 256, 320]}}"}
{"op_code":5,"worker_id":"aea74c46-e127-4a00-b2fa-ce5d12434b10-133458292066112","trial_id":17,"param_name":"transformer_layers","param_value_internal":4.0,"distribution":"{\"name\": \"IntDistribution\", \"attributes\": {\"log\": false, \"step\": 2, \"low\": 4, \"high\": 8}}"}
{"op_code":8,"worker_id":"aea74c46-e127-4a00-b2fa-ce5d12434b10-133458292066112","trial_id":17,"user_attr":{"encoder":{"embedding_dim":64,"model_dim":320,"token_kernel":8,"token_stride":4,"layers":4,"heads":8,"ffn_multiplier":4,"dropout":0.181709314773908}}}
{"op_code":7,"worker_id":"aea74c46-e127-4a00-b2fa-ce5d12434b10-133458292066112","trial_id":17,"step":1,"intermediate_value":0.09246182935960978}
{"op_code":7,"worker_id":"aea74c46-e127-4a00-b2fa-ce5d12434b10-133458292066112","trial_id":17,"step":2,"intermediate_value":0.11131101779531741}
{"op_code":7,"worker_id":"aea74c46-e127-4a00-b2fa-ce5d12434b10-133458292066112","trial_id":17,"step":3,"intermediate_value":0.13164064145802695}
{"op_code":7,"worker_id":"aea74c46-e127-4a00-b2fa-ce5d12434b10-133458292066112","trial_id":17,"step":4,"intermediate_value":0.1719683457490599}
{"op_code":7,"worker_id":"aea74c46-e127-4a00-b2fa-ce5d12434b10-133458292066112","trial_id":17,"step":5,"intermediate_value":0.22393717301296545}
{"op_code":7,"worker_id":"aea74c46-e127-4a00-b2fa-ce5d12434b10-133458292066112","trial_id":17,"step":6,"intermediate_value":0.23403850736639692}
{"op_code":9,"worker_id":"aea74c46-e127-4a00-b2fa-ce5d12434b10-133458292066112","trial_id":17,"system_attr":{"completed_rung_0":0.23403850736639692}}
{"op_code":6,"worker_id":"aea74c46-e127-4a00-b2fa-ce5d12434b10-133458292066112","trial_id":17,"state":1,"values":[0.23403850736639692],"datetime_complete":"2026-09-24T04:31:09.274035+00:00"}
{"op_code":4,"worker_id":"aea74c46-e127-4a00-b2fa-ce5d12434b10-133458292066112","study_id":0,"datetime_start":"2026-09-24T04:31:09.438855+00:00"}
{"op_code":9,"worker_id":"aea74c46-e127-4a00-b2fa-ce5d12434b10-133458292066112","trial_id":18,"system_attr":{"tpe:relative_params:0":"{\"crop_probability\": 0.49018743764787936, \"dropout\": 0.009803618771503, \"learning_rate\": 0.00045486140901266844, \"sampling_power\": 0.4641676316890567, \"transformer_dim\": 320, \"transformer_layers\": 4, \"transformer_tokenizer\": \"k6s3\", \"warmup_fraction\": 0.02744441627965233, \"weight_decay\": 0.0056205931394956495}"}}
{"op_code":5,"worker_id":"aea74c46-e127-4a00-b2fa-ce5d12434b10-133458292066112","trial_id":18,"param_name":"dropout","param_value_internal":0.009803618771503,"distribution":"{\"name\": \"FloatDistribution\", \"attributes\": {\"step\": null, \"low\": 0.0, \"high\": 0.3, \"log\": false}}"}
{"op_code":5,"worker_id":"aea74c46-e127-4a00-b2fa-ce5d12434b10-133458292066112","trial_id":18,"param_name":"learning_rate","param_value_internal":0.00045486140901266844,"distribution":"{\"name\": \"FloatDistribution\", \"attributes\": {\"step\": null, \"low\": 0.0001, \"high\": 0.003, \"log\": true}}"}
{"op_code":5,"worker_id":"aea74c46-e127-4a00-b2fa-ce5d12434b10-133458292066112","trial_id":18,"param_name":"weight_decay","param_value_internal":0.0056205931394956495,"distribution":"{\"name\": \"FloatDistribution\", \"attributes\": {\"step\": null, \"low\": 0.001, \"high\": 0.2, \"log\": true}}"}
{"op_code":5,"worker_id":"aea74c46-e127-4a00-b2fa-ce5d12434b10-133458292066112","trial_id":18,"param_name":"warmup_fraction","param_value_internal":0.02744441627965233,"distribution":"{\"name\": \"FloatDistribution\", \"attributes\": {\"step\": null, \"low\": 0.02, \"high\": 0.1, \"log\": false}}"}
{"op_code":5,"worker_id":"aea74c46-e127-4a00-b2fa-ce5d12434b10-133458292066112","trial_id":18,"param_name":"sampling_power","param_value_internal":0.4641676316890567,"distribution":"{\"name\": \"FloatDistribution\", \"attributes\": {\"step\": null, \"low\": 0.0, \"high\": 1.0, \"log\": false}}"}
{"op_code":5,"worker_id":"aea74c46-e127-4a00-b2fa-ce5d12434b10-133458292066112","trial_id":18,"param_name":"crop_probability","param_value_internal":0.49018743764787936,"distribution":"{\"name\": \"FloatDistribution\", \"attributes\": {\"step\": null, \"low\": 0.2, \"high\": 0.8, \"log\": false}}"}
{"op_code":5,"worker_id":"aea74c46-e127-4a00-b2fa-ce5d12434b10-133458292066112","trial_id":18,"param_name":"transformer_tokenizer","param_value_internal":1,"distribution":"{\"name\": \"CategoricalDistribution\", \"attributes\": {\"choices\": [\"k12s6\", \"k6s3\", \"k8s4\"]}}"}
{"op_code":5,"worker_id":"aea74c46-e127-4a00-b2fa-ce5d12434b10-133458292066112","trial_id":18,"param_name":"transformer_dim","param_value_internal":2,"distribution":"{\"name\": \"CategoricalDistribution\", \"attributes\": {\"choices\": [192, 256, 320]}}"}
{"op_code":5,"worker_id":"aea74c46-e127-4a00-b2fa-ce5d12434b10-133458292066112","trial_id":18,"param_name":"transformer_layers","param_value_internal":4.0,"distribution":"{\"name\": \"IntDistribution\", \"attributes\": {\"log\": false, \"step\": 2, \"low\": 4, \"high\": 8}}"}
{"op_code":8,"worker_id":"aea74c46-e127-4a00-b2fa-ce5d12434b10-133458292066112","trial_id":18,"user_attr":{"encoder":{"embedding_dim":64,"model_dim":320,"token_kernel":6,"token_stride":3,"layers":4,"heads":8,"ffn_multiplier":4,"dropout":0.009803618771503}}}
{"op_code":8,"worker_id":"aea74c46-e127-4a00-b2fa-ce5d12434b10-133458292066112","trial_id":18,"user_attr":{"stopped_by_deadline":true}}
{"op_code":6,"worker_id":"aea74c46-e127-4a00-b2fa-ce5d12434b10-133458292066112","trial_id":18,"state":2,"values":null,"datetime_complete":"2026-09-24T04:35:41.348951+00:00"}
